<?xml version="1.0" encoding="ISO-8859-1" ?>
<link_info>
   <banner>MSP430 Linker PC v21.6.1.LTS</banner>
   <copyright>Copyright (c) 2003-2018 Texas Instruments Incorporated</copyright>
   <link_time>0x685cdddc</link_time>
   <link_errors>0x0</link_errors>
   <output_file>GUIDEV_2.c.out</output_file>
   <entry_point>
      <name>_c_int00_noargs_mpu</name>
      <address>0x44c6</address>
   </entry_point>
   <input_file_list>
      <input_file id="fl-2">
         <path>.\</path>
         <kind>object</kind>
         <file>LCD.obj</file>
         <name>LCD.obj</name>
      </input_file>
      <input_file id="fl-3">
         <path>.\</path>
         <kind>object</kind>
         <file>UART.obj</file>
         <name>UART.obj</name>
      </input_file>
      <input_file id="fl-4">
         <path>.\</path>
         <kind>object</kind>
         <file>UART2.obj</file>
         <name>UART2.obj</name>
      </input_file>
      <input_file id="fl-5">
         <path>.\</path>
         <kind>object</kind>
         <file>delay.obj</file>
         <name>delay.obj</name>
      </input_file>
      <input_file id="fl-6">
         <path>.\</path>
         <kind>object</kind>
         <file>msp430fr69xx_lpm0.obj</file>
         <name>msp430fr69xx_lpm0.obj</name>
      </input_file>
      <input_file id="fl-7">
         <path>.\</path>
         <kind>object</kind>
         <file>sensor.obj</file>
         <name>sensor.obj</name>
      </input_file>
      <input_file id="fl-e">
         <kind>object</kind>
         <file>&lt;internal&gt;</file>
         <name>&lt;internal&gt;</name>
      </input_file>
      <input_file id="fl-2e">
         <path>C:\ti\ccs2002\ccs\tools\compiler\ti-cgt-msp430_21.6.1.LTS\lib\</path>
         <kind>archive</kind>
         <file>rts430x_lc_rd_eabi.lib</file>
         <name>copy_decompress_lzss.c.obj</name>
      </input_file>
      <input_file id="fl-2f">
         <path>C:\ti\ccs2002\ccs\tools\compiler\ti-cgt-msp430_21.6.1.LTS\lib\</path>
         <kind>archive</kind>
         <file>rts430x_lc_rd_eabi.lib</file>
         <name>copy_decompress_none.c.obj</name>
      </input_file>
      <input_file id="fl-30">
         <path>C:\ti\ccs2002\ccs\tools\compiler\ti-cgt-msp430_21.6.1.LTS\lib\</path>
         <kind>archive</kind>
         <file>rts430x_lc_rd_eabi.lib</file>
         <name>int27.asm.obj</name>
      </input_file>
      <input_file id="fl-31">
         <path>C:\ti\ccs2002\ccs\tools\compiler\ti-cgt-msp430_21.6.1.LTS\lib\</path>
         <kind>archive</kind>
         <file>rts430x_lc_rd_eabi.lib</file>
         <name>isr_trap.asm.obj</name>
      </input_file>
      <input_file id="fl-32">
         <path>C:\ti\ccs2002\ccs\tools\compiler\ti-cgt-msp430_21.6.1.LTS\lib\</path>
         <kind>archive</kind>
         <file>rts430x_lc_rd_eabi.lib</file>
         <name>int30.asm.obj</name>
      </input_file>
      <input_file id="fl-33">
         <path>C:\ti\ccs2002\ccs\tools\compiler\ti-cgt-msp430_21.6.1.LTS\lib\</path>
         <kind>archive</kind>
         <file>rts430x_lc_rd_eabi.lib</file>
         <name>int31.asm.obj</name>
      </input_file>
      <input_file id="fl-34">
         <path>C:\ti\ccs2002\ccs\tools\compiler\ti-cgt-msp430_21.6.1.LTS\lib\</path>
         <kind>archive</kind>
         <file>rts430x_lc_rd_eabi.lib</file>
         <name>int32.asm.obj</name>
      </input_file>
      <input_file id="fl-35">
         <path>C:\ti\ccs2002\ccs\tools\compiler\ti-cgt-msp430_21.6.1.LTS\lib\</path>
         <kind>archive</kind>
         <file>rts430x_lc_rd_eabi.lib</file>
         <name>int33.asm.obj</name>
      </input_file>
      <input_file id="fl-36">
         <path>C:\ti\ccs2002\ccs\tools\compiler\ti-cgt-msp430_21.6.1.LTS\lib\</path>
         <kind>archive</kind>
         <file>rts430x_lc_rd_eabi.lib</file>
         <name>int34.asm.obj</name>
      </input_file>
      <input_file id="fl-37">
         <path>C:\ti\ccs2002\ccs\tools\compiler\ti-cgt-msp430_21.6.1.LTS\lib\</path>
         <kind>archive</kind>
         <file>rts430x_lc_rd_eabi.lib</file>
         <name>int35.asm.obj</name>
      </input_file>
      <input_file id="fl-38">
         <path>C:\ti\ccs2002\ccs\tools\compiler\ti-cgt-msp430_21.6.1.LTS\lib\</path>
         <kind>archive</kind>
         <file>rts430x_lc_rd_eabi.lib</file>
         <name>int36.asm.obj</name>
      </input_file>
      <input_file id="fl-39">
         <path>C:\ti\ccs2002\ccs\tools\compiler\ti-cgt-msp430_21.6.1.LTS\lib\</path>
         <kind>archive</kind>
         <file>rts430x_lc_rd_eabi.lib</file>
         <name>int37.asm.obj</name>
      </input_file>
      <input_file id="fl-3a">
         <path>C:\ti\ccs2002\ccs\tools\compiler\ti-cgt-msp430_21.6.1.LTS\lib\</path>
         <kind>archive</kind>
         <file>rts430x_lc_rd_eabi.lib</file>
         <name>int38.asm.obj</name>
      </input_file>
      <input_file id="fl-3b">
         <path>C:\ti\ccs2002\ccs\tools\compiler\ti-cgt-msp430_21.6.1.LTS\lib\</path>
         <kind>archive</kind>
         <file>rts430x_lc_rd_eabi.lib</file>
         <name>int39.asm.obj</name>
      </input_file>
      <input_file id="fl-3c">
         <path>C:\ti\ccs2002\ccs\tools\compiler\ti-cgt-msp430_21.6.1.LTS\lib\</path>
         <kind>archive</kind>
         <file>rts430x_lc_rd_eabi.lib</file>
         <name>int40.asm.obj</name>
      </input_file>
      <input_file id="fl-3d">
         <path>C:\ti\ccs2002\ccs\tools\compiler\ti-cgt-msp430_21.6.1.LTS\lib\</path>
         <kind>archive</kind>
         <file>rts430x_lc_rd_eabi.lib</file>
         <name>int41.asm.obj</name>
      </input_file>
      <input_file id="fl-3e">
         <path>C:\ti\ccs2002\ccs\tools\compiler\ti-cgt-msp430_21.6.1.LTS\lib\</path>
         <kind>archive</kind>
         <file>rts430x_lc_rd_eabi.lib</file>
         <name>int44.asm.obj</name>
      </input_file>
      <input_file id="fl-3f">
         <path>C:\ti\ccs2002\ccs\tools\compiler\ti-cgt-msp430_21.6.1.LTS\lib\</path>
         <kind>archive</kind>
         <file>rts430x_lc_rd_eabi.lib</file>
         <name>int45.asm.obj</name>
      </input_file>
      <input_file id="fl-40">
         <path>C:\ti\ccs2002\ccs\tools\compiler\ti-cgt-msp430_21.6.1.LTS\lib\</path>
         <kind>archive</kind>
         <file>rts430x_lc_rd_eabi.lib</file>
         <name>int46.asm.obj</name>
      </input_file>
      <input_file id="fl-41">
         <path>C:\ti\ccs2002\ccs\tools\compiler\ti-cgt-msp430_21.6.1.LTS\lib\</path>
         <kind>archive</kind>
         <file>rts430x_lc_rd_eabi.lib</file>
         <name>int48.asm.obj</name>
      </input_file>
      <input_file id="fl-42">
         <path>C:\ti\ccs2002\ccs\tools\compiler\ti-cgt-msp430_21.6.1.LTS\lib\</path>
         <kind>archive</kind>
         <file>rts430x_lc_rd_eabi.lib</file>
         <name>int49.asm.obj</name>
      </input_file>
      <input_file id="fl-43">
         <path>C:\ti\ccs2002\ccs\tools\compiler\ti-cgt-msp430_21.6.1.LTS\lib\</path>
         <kind>archive</kind>
         <file>rts430x_lc_rd_eabi.lib</file>
         <name>int50.asm.obj</name>
      </input_file>
      <input_file id="fl-44">
         <path>C:\ti\ccs2002\ccs\tools\compiler\ti-cgt-msp430_21.6.1.LTS\lib\</path>
         <kind>archive</kind>
         <file>rts430x_lc_rd_eabi.lib</file>
         <name>int51.asm.obj</name>
      </input_file>
      <input_file id="fl-45">
         <path>C:\ti\ccs2002\ccs\tools\compiler\ti-cgt-msp430_21.6.1.LTS\lib\</path>
         <kind>archive</kind>
         <file>rts430x_lc_rd_eabi.lib</file>
         <name>int52.asm.obj</name>
      </input_file>
      <input_file id="fl-46">
         <path>C:\ti\ccs2002\ccs\tools\compiler\ti-cgt-msp430_21.6.1.LTS\lib\</path>
         <kind>archive</kind>
         <file>rts430x_lc_rd_eabi.lib</file>
         <name>int53.asm.obj</name>
      </input_file>
      <input_file id="fl-47">
         <path>C:\ti\ccs2002\ccs\tools\compiler\ti-cgt-msp430_21.6.1.LTS\lib\</path>
         <kind>archive</kind>
         <file>rts430x_lc_rd_eabi.lib</file>
         <name>int54.asm.obj</name>
      </input_file>
      <input_file id="fl-48">
         <path>C:\ti\ccs2002\ccs\tools\compiler\ti-cgt-msp430_21.6.1.LTS\lib\</path>
         <kind>archive</kind>
         <file>rts430x_lc_rd_eabi.lib</file>
         <name>copy_zero_init.c.obj</name>
      </input_file>
      <input_file id="fl-49">
         <path>C:\ti\ccs2002\ccs\tools\compiler\ti-cgt-msp430_21.6.1.LTS\lib\</path>
         <kind>archive</kind>
         <file>rts430x_lc_rd_eabi.lib</file>
         <name>addd.c.obj</name>
      </input_file>
      <input_file id="fl-4a">
         <path>C:\ti\ccs2002\ccs\tools\compiler\ti-cgt-msp430_21.6.1.LTS\lib\</path>
         <kind>archive</kind>
         <file>rts430x_lc_rd_eabi.lib</file>
         <name>fs_add.asm.obj</name>
      </input_file>
      <input_file id="fl-4b">
         <path>C:\ti\ccs2002\ccs\tools\compiler\ti-cgt-msp430_21.6.1.LTS\lib\</path>
         <kind>archive</kind>
         <file>rts430x_lc_rd_eabi.lib</file>
         <name>fs_cmp.asm.obj</name>
      </input_file>
      <input_file id="fl-4c">
         <path>C:\ti\ccs2002\ccs\tools\compiler\ti-cgt-msp430_21.6.1.LTS\lib\</path>
         <kind>archive</kind>
         <file>rts430x_lc_rd_eabi.lib</file>
         <name>cvtdf.c.obj</name>
      </input_file>
      <input_file id="fl-4d">
         <path>C:\ti\ccs2002\ccs\tools\compiler\ti-cgt-msp430_21.6.1.LTS\lib\</path>
         <kind>archive</kind>
         <file>rts430x_lc_rd_eabi.lib</file>
         <name>cvtfd.c.obj</name>
      </input_file>
      <input_file id="fl-4e">
         <path>C:\ti\ccs2002\ccs\tools\compiler\ti-cgt-msp430_21.6.1.LTS\lib\</path>
         <kind>archive</kind>
         <file>rts430x_lc_rd_eabi.lib</file>
         <name>divd.c.obj</name>
      </input_file>
      <input_file id="fl-4f">
         <path>C:\ti\ccs2002\ccs\tools\compiler\ti-cgt-msp430_21.6.1.LTS\lib\</path>
         <kind>archive</kind>
         <file>rts430x_lc_rd_eabi.lib</file>
         <name>frcdivd.c.obj</name>
      </input_file>
      <input_file id="fl-50">
         <path>C:\ti\ccs2002\ccs\tools\compiler\ti-cgt-msp430_21.6.1.LTS\lib\</path>
         <kind>archive</kind>
         <file>rts430x_lc_rd_eabi.lib</file>
         <name>fs_div.asm.obj</name>
      </input_file>
      <input_file id="fl-51">
         <path>C:\ti\ccs2002\ccs\tools\compiler\ti-cgt-msp430_21.6.1.LTS\lib\</path>
         <kind>archive</kind>
         <file>rts430x_lc_rd_eabi.lib</file>
         <name>div16s.asm.obj</name>
      </input_file>
      <input_file id="fl-52">
         <path>C:\ti\ccs2002\ccs\tools\compiler\ti-cgt-msp430_21.6.1.LTS\lib\</path>
         <kind>archive</kind>
         <file>rts430x_lc_rd_eabi.lib</file>
         <name>div32s.asm.obj</name>
      </input_file>
      <input_file id="fl-53">
         <path>C:\ti\ccs2002\ccs\tools\compiler\ti-cgt-msp430_21.6.1.LTS\lib\</path>
         <kind>archive</kind>
         <file>rts430x_lc_rd_eabi.lib</file>
         <name>div16u.asm.obj</name>
      </input_file>
      <input_file id="fl-54">
         <path>C:\ti\ccs2002\ccs\tools\compiler\ti-cgt-msp430_21.6.1.LTS\lib\</path>
         <kind>archive</kind>
         <file>rts430x_lc_rd_eabi.lib</file>
         <name>div32u.asm.obj</name>
      </input_file>
      <input_file id="fl-55">
         <path>C:\ti\ccs2002\ccs\tools\compiler\ti-cgt-msp430_21.6.1.LTS\lib\</path>
         <kind>archive</kind>
         <file>rts430x_lc_rd_eabi.lib</file>
         <name>fs_toi.asm.obj</name>
      </input_file>
      <input_file id="fl-56">
         <path>C:\ti\ccs2002\ccs\tools\compiler\ti-cgt-msp430_21.6.1.LTS\lib\</path>
         <kind>archive</kind>
         <file>rts430x_lc_rd_eabi.lib</file>
         <name>fs_tol.asm.obj</name>
      </input_file>
      <input_file id="fl-57">
         <path>C:\ti\ccs2002\ccs\tools\compiler\ti-cgt-msp430_21.6.1.LTS\lib\</path>
         <kind>archive</kind>
         <file>rts430x_lc_rd_eabi.lib</file>
         <name>fltid.c.obj</name>
      </input_file>
      <input_file id="fl-58">
         <path>C:\ti\ccs2002\ccs\tools\compiler\ti-cgt-msp430_21.6.1.LTS\lib\</path>
         <kind>archive</kind>
         <file>rts430x_lc_rd_eabi.lib</file>
         <name>fs_itof.asm.obj</name>
      </input_file>
      <input_file id="fl-59">
         <path>C:\ti\ccs2002\ccs\tools\compiler\ti-cgt-msp430_21.6.1.LTS\lib\</path>
         <kind>archive</kind>
         <file>rts430x_lc_rd_eabi.lib</file>
         <name>fltlid.c.obj</name>
      </input_file>
      <input_file id="fl-5a">
         <path>C:\ti\ccs2002\ccs\tools\compiler\ti-cgt-msp430_21.6.1.LTS\lib\</path>
         <kind>archive</kind>
         <file>rts430x_lc_rd_eabi.lib</file>
         <name>mpyd.c.obj</name>
      </input_file>
      <input_file id="fl-5b">
         <path>C:\ti\ccs2002\ccs\tools\compiler\ti-cgt-msp430_21.6.1.LTS\lib\</path>
         <kind>archive</kind>
         <file>rts430x_lc_rd_eabi.lib</file>
         <name>frcmpyd.c.obj</name>
      </input_file>
      <input_file id="fl-5c">
         <path>C:\ti\ccs2002\ccs\tools\compiler\ti-cgt-msp430_21.6.1.LTS\lib\</path>
         <kind>archive</kind>
         <file>rts430x_lc_rd_eabi.lib</file>
         <name>fs_mpy.asm.obj</name>
      </input_file>
      <input_file id="fl-5d">
         <path>C:\ti\ccs2002\ccs\tools\compiler\ti-cgt-msp430_21.6.1.LTS\lib\</path>
         <kind>archive</kind>
         <file>rts430x_lc_rd_eabi.lib</file>
         <name>mult16.asm.obj</name>
      </input_file>
      <input_file id="fl-5e">
         <path>C:\ti\ccs2002\ccs\tools\compiler\ti-cgt-msp430_21.6.1.LTS\lib\</path>
         <kind>archive</kind>
         <file>rts430x_lc_rd_eabi.lib</file>
         <name>mult16_f5hw.asm.obj</name>
      </input_file>
      <input_file id="fl-5f">
         <path>C:\ti\ccs2002\ccs\tools\compiler\ti-cgt-msp430_21.6.1.LTS\lib\</path>
         <kind>archive</kind>
         <file>rts430x_lc_rd_eabi.lib</file>
         <name>mult32.asm.obj</name>
      </input_file>
      <input_file id="fl-60">
         <path>C:\ti\ccs2002\ccs\tools\compiler\ti-cgt-msp430_21.6.1.LTS\lib\</path>
         <kind>archive</kind>
         <file>rts430x_lc_rd_eabi.lib</file>
         <name>mult32_f5hw.asm.obj</name>
      </input_file>
      <input_file id="fl-61">
         <path>C:\ti\ccs2002\ccs\tools\compiler\ti-cgt-msp430_21.6.1.LTS\lib\</path>
         <kind>archive</kind>
         <file>rts430x_lc_rd_eabi.lib</file>
         <name>mult64.asm.obj</name>
      </input_file>
      <input_file id="fl-62">
         <path>C:\ti\ccs2002\ccs\tools\compiler\ti-cgt-msp430_21.6.1.LTS\lib\</path>
         <kind>archive</kind>
         <file>rts430x_lc_rd_eabi.lib</file>
         <name>mult64_f5hw.asm.obj</name>
      </input_file>
      <input_file id="fl-63">
         <path>C:\ti\ccs2002\ccs\tools\compiler\ti-cgt-msp430_21.6.1.LTS\lib\</path>
         <kind>archive</kind>
         <file>rts430x_lc_rd_eabi.lib</file>
         <name>mult1632_f5hw.asm.obj</name>
      </input_file>
      <input_file id="fl-64">
         <path>C:\ti\ccs2002\ccs\tools\compiler\ti-cgt-msp430_21.6.1.LTS\lib\</path>
         <kind>archive</kind>
         <file>rts430x_lc_rd_eabi.lib</file>
         <name>mult3264_f5hw.asm.obj</name>
      </input_file>
      <input_file id="fl-65">
         <path>C:\ti\ccs2002\ccs\tools\compiler\ti-cgt-msp430_21.6.1.LTS\lib\</path>
         <kind>archive</kind>
         <file>rts430x_lc_rd_eabi.lib</file>
         <name>mult1632.asm.obj</name>
      </input_file>
      <input_file id="fl-66">
         <path>C:\ti\ccs2002\ccs\tools\compiler\ti-cgt-msp430_21.6.1.LTS\lib\</path>
         <kind>archive</kind>
         <file>rts430x_lc_rd_eabi.lib</file>
         <name>mult3264.asm.obj</name>
      </input_file>
      <input_file id="fl-67">
         <path>C:\ti\ccs2002\ccs\tools\compiler\ti-cgt-msp430_21.6.1.LTS\lib\</path>
         <kind>archive</kind>
         <file>rts430x_lc_rd_eabi.lib</file>
         <name>fs_neg.asm.obj</name>
      </input_file>
      <input_file id="fl-68">
         <path>C:\ti\ccs2002\ccs\tools\compiler\ti-cgt-msp430_21.6.1.LTS\lib\</path>
         <kind>archive</kind>
         <file>rts430x_lc_rd_eabi.lib</file>
         <name>lsl32.asm.obj</name>
      </input_file>
      <input_file id="fl-69">
         <path>C:\ti\ccs2002\ccs\tools\compiler\ti-cgt-msp430_21.6.1.LTS\lib\</path>
         <kind>archive</kind>
         <file>rts430x_lc_rd_eabi.lib</file>
         <name>lsl64.c.obj</name>
      </input_file>
      <input_file id="fl-6a">
         <path>C:\ti\ccs2002\ccs\tools\compiler\ti-cgt-msp430_21.6.1.LTS\lib\</path>
         <kind>archive</kind>
         <file>rts430x_lc_rd_eabi.lib</file>
         <name>asr32.asm.obj</name>
      </input_file>
      <input_file id="fl-6b">
         <path>C:\ti\ccs2002\ccs\tools\compiler\ti-cgt-msp430_21.6.1.LTS\lib\</path>
         <kind>archive</kind>
         <file>rts430x_lc_rd_eabi.lib</file>
         <name>asr64.c.obj</name>
      </input_file>
      <input_file id="fl-6c">
         <path>C:\ti\ccs2002\ccs\tools\compiler\ti-cgt-msp430_21.6.1.LTS\lib\</path>
         <kind>archive</kind>
         <file>rts430x_lc_rd_eabi.lib</file>
         <name>lsr32.asm.obj</name>
      </input_file>
      <input_file id="fl-6d">
         <path>C:\ti\ccs2002\ccs\tools\compiler\ti-cgt-msp430_21.6.1.LTS\lib\</path>
         <kind>archive</kind>
         <file>rts430x_lc_rd_eabi.lib</file>
         <name>lsr64.c.obj</name>
      </input_file>
      <input_file id="fl-6e">
         <path>C:\ti\ccs2002\ccs\tools\compiler\ti-cgt-msp430_21.6.1.LTS\lib\</path>
         <kind>archive</kind>
         <file>rts430x_lc_rd_eabi.lib</file>
         <name>subd.c.obj</name>
      </input_file>
      <input_file id="fl-6f">
         <path>C:\ti\ccs2002\ccs\tools\compiler\ti-cgt-msp430_21.6.1.LTS\lib\</path>
         <kind>archive</kind>
         <file>rts430x_lc_rd_eabi.lib</file>
         <name>boot.c.obj</name>
      </input_file>
      <input_file id="fl-70">
         <path>C:\ti\ccs2002\ccs\ccs_base\msp430\lib\FR59xx\</path>
         <kind>archive</kind>
         <file>MSPMPU_INIT_LIB_CCS_msp430_large_code_restricted_data.lib</file>
         <name>mpu_init.o</name>
      </input_file>
      <input_file id="fl-71">
         <path>C:\ti\ccs2002\ccs\tools\compiler\ti-cgt-msp430_21.6.1.LTS\lib\</path>
         <kind>archive</kind>
         <file>rts430x_lc_rd_eabi.lib</file>
         <name>args_main.c.obj</name>
      </input_file>
      <input_file id="fl-72">
         <path>C:\ti\ccs2002\ccs\tools\compiler\ti-cgt-msp430_21.6.1.LTS\lib\</path>
         <kind>archive</kind>
         <file>rts430x_lc_rd_eabi.lib</file>
         <name>autoinit.c.obj</name>
      </input_file>
      <input_file id="fl-73">
         <path>C:\ti\ccs2002\ccs\tools\compiler\ti-cgt-msp430_21.6.1.LTS\lib\</path>
         <kind>archive</kind>
         <file>rts430x_lc_rd_eabi.lib</file>
         <name>startup.c.obj</name>
      </input_file>
      <input_file id="fl-74">
         <path>C:\ti\ccs2002\ccs\tools\compiler\ti-cgt-msp430_21.6.1.LTS\lib\</path>
         <kind>archive</kind>
         <file>rts430x_lc_rd_eabi.lib</file>
         <name>pre_init.c.obj</name>
      </input_file>
      <input_file id="fl-75">
         <path>C:\ti\ccs2002\ccs\tools\compiler\ti-cgt-msp430_21.6.1.LTS\lib\</path>
         <kind>archive</kind>
         <file>rts430x_lc_rd_eabi.lib</file>
         <name>atof.c.obj</name>
      </input_file>
      <input_file id="fl-76">
         <path>C:\ti\ccs2002\ccs\tools\compiler\ti-cgt-msp430_21.6.1.LTS\lib\</path>
         <kind>archive</kind>
         <file>rts430x_lc_rd_eabi.lib</file>
         <name>atoi.c.obj</name>
      </input_file>
      <input_file id="fl-77">
         <path>C:\ti\ccs2002\ccs\tools\compiler\ti-cgt-msp430_21.6.1.LTS\lib\</path>
         <kind>archive</kind>
         <file>rts430x_lc_rd_eabi.lib</file>
         <name>ctype.c.obj</name>
      </input_file>
      <input_file id="fl-78">
         <path>C:\ti\ccs2002\ccs\tools\compiler\ti-cgt-msp430_21.6.1.LTS\lib\</path>
         <kind>archive</kind>
         <file>rts430x_lc_rd_eabi.lib</file>
         <name>cpy_tbl.c.obj</name>
      </input_file>
      <input_file id="fl-79">
         <path>C:\ti\ccs2002\ccs\tools\compiler\ti-cgt-msp430_21.6.1.LTS\lib\</path>
         <kind>archive</kind>
         <file>rts430x_lc_rd_eabi.lib</file>
         <name>exit.c.obj</name>
      </input_file>
      <input_file id="fl-7a">
         <path>C:\ti\ccs2002\ccs\tools\compiler\ti-cgt-msp430_21.6.1.LTS\lib\</path>
         <kind>archive</kind>
         <file>rts430x_lc_rd_eabi.lib</file>
         <name>exit_gvars.c.obj</name>
      </input_file>
      <input_file id="fl-7b">
         <path>C:\ti\ccs2002\ccs\tools\compiler\ti-cgt-msp430_21.6.1.LTS\lib\</path>
         <kind>archive</kind>
         <file>rts430x_lc_rd_eabi.lib</file>
         <name>_lock.c.obj</name>
      </input_file>
      <input_file id="fl-7c">
         <path>C:\ti\ccs2002\ccs\tools\compiler\ti-cgt-msp430_21.6.1.LTS\lib\</path>
         <kind>archive</kind>
         <file>rts430x_lc_rd_eabi.lib</file>
         <name>memcpy.c.obj</name>
      </input_file>
      <input_file id="fl-7d">
         <path>C:\ti\ccs2002\ccs\tools\compiler\ti-cgt-msp430_21.6.1.LTS\lib\</path>
         <kind>archive</kind>
         <file>rts430x_lc_rd_eabi.lib</file>
         <name>sprintf.c.obj</name>
      </input_file>
      <input_file id="fl-7e">
         <path>C:\ti\ccs2002\ccs\tools\compiler\ti-cgt-msp430_21.6.1.LTS\lib\</path>
         <kind>archive</kind>
         <file>rts430x_lc_rd_eabi.lib</file>
         <name>_printfi.c.obj</name>
      </input_file>
      <input_file id="fl-7f">
         <path>C:\ti\ccs2002\ccs\tools\compiler\ti-cgt-msp430_21.6.1.LTS\lib\</path>
         <kind>archive</kind>
         <file>rts430x_lc_rd_eabi.lib</file>
         <name>_ltoa.c.obj</name>
      </input_file>
      <input_file id="fl-80">
         <path>C:\ti\ccs2002\ccs\tools\compiler\ti-cgt-msp430_21.6.1.LTS\lib\</path>
         <kind>archive</kind>
         <file>rts430x_lc_rd_eabi.lib</file>
         <name>cmpd.c.obj</name>
      </input_file>
      <input_file id="fl-81">
         <path>C:\ti\ccs2002\ccs\tools\compiler\ti-cgt-msp430_21.6.1.LTS\lib\</path>
         <kind>archive</kind>
         <file>rts430x_lc_rd_eabi.lib</file>
         <name>div64u.c.obj</name>
      </input_file>
      <input_file id="fl-82">
         <path>C:\ti\ccs2002\ccs\tools\compiler\ti-cgt-msp430_21.6.1.LTS\lib\</path>
         <kind>archive</kind>
         <file>rts430x_lc_rd_eabi.lib</file>
         <name>fixdi.c.obj</name>
      </input_file>
      <input_file id="fl-83">
         <path>C:\ti\ccs2002\ccs\tools\compiler\ti-cgt-msp430_21.6.1.LTS\lib\</path>
         <kind>archive</kind>
         <file>rts430x_lc_rd_eabi.lib</file>
         <name>fixdli.c.obj</name>
      </input_file>
      <input_file id="fl-84">
         <path>C:\ti\ccs2002\ccs\tools\compiler\ti-cgt-msp430_21.6.1.LTS\lib\</path>
         <kind>archive</kind>
         <file>rts430x_lc_rd_eabi.lib</file>
         <name>negd.c.obj</name>
      </input_file>
      <input_file id="fl-85">
         <path>C:\ti\ccs2002\ccs\tools\compiler\ti-cgt-msp430_21.6.1.LTS\lib\</path>
         <kind>archive</kind>
         <file>rts430x_lc_rd_eabi.lib</file>
         <name>abs.c.obj</name>
      </input_file>
      <input_file id="fl-86">
         <path>C:\ti\ccs2002\ccs\tools\compiler\ti-cgt-msp430_21.6.1.LTS\lib\</path>
         <kind>archive</kind>
         <file>rts430x_lc_rd_eabi.lib</file>
         <name>errno.c.obj</name>
      </input_file>
      <input_file id="fl-87">
         <path>C:\ti\ccs2002\ccs\tools\compiler\ti-cgt-msp430_21.6.1.LTS\lib\</path>
         <kind>archive</kind>
         <file>rts430x_lc_rd_eabi.lib</file>
         <name>s_frexp.c.obj</name>
      </input_file>
      <input_file id="fl-88">
         <path>C:\ti\ccs2002\ccs\tools\compiler\ti-cgt-msp430_21.6.1.LTS\lib\</path>
         <kind>archive</kind>
         <file>rts430x_lc_rd_eabi.lib</file>
         <name>s_scalbn.c.obj</name>
      </input_file>
      <input_file id="fl-89">
         <path>C:\ti\ccs2002\ccs\tools\compiler\ti-cgt-msp430_21.6.1.LTS\lib\</path>
         <kind>archive</kind>
         <file>rts430x_lc_rd_eabi.lib</file>
         <name>s_copysign.c.obj</name>
      </input_file>
      <input_file id="fl-8a">
         <path>C:\ti\ccs2002\ccs\tools\compiler\ti-cgt-msp430_21.6.1.LTS\lib\</path>
         <kind>archive</kind>
         <file>rts430x_lc_rd_eabi.lib</file>
         <name>memccpy.c.obj</name>
      </input_file>
      <input_file id="fl-8b">
         <path>C:\ti\ccs2002\ccs\tools\compiler\ti-cgt-msp430_21.6.1.LTS\lib\</path>
         <kind>archive</kind>
         <file>rts430x_lc_rd_eabi.lib</file>
         <name>memset.c.obj</name>
      </input_file>
      <input_file id="fl-8c">
         <path>C:\ti\ccs2002\ccs\tools\compiler\ti-cgt-msp430_21.6.1.LTS\lib\</path>
         <kind>archive</kind>
         <file>rts430x_lc_rd_eabi.lib</file>
         <name>strchr.c.obj</name>
      </input_file>
      <input_file id="fl-8d">
         <path>C:\ti\ccs2002\ccs\tools\compiler\ti-cgt-msp430_21.6.1.LTS\lib\</path>
         <kind>archive</kind>
         <file>rts430x_lc_rd_eabi.lib</file>
         <name>strcpy.c.obj</name>
      </input_file>
      <input_file id="fl-8e">
         <path>C:\ti\ccs2002\ccs\tools\compiler\ti-cgt-msp430_21.6.1.LTS\lib\</path>
         <kind>archive</kind>
         <file>rts430x_lc_rd_eabi.lib</file>
         <name>strlen.c.obj</name>
      </input_file>
      <input_file id="fl-8f">
         <path>C:\ti\ccs2002\ccs\tools\compiler\ti-cgt-msp430_21.6.1.LTS\lib\</path>
         <kind>archive</kind>
         <file>rts430x_lc_rd_eabi.lib</file>
         <name>strncpy.c.obj</name>
      </input_file>
      <input_file id="fl-90">
         <path>C:\ti\ccs2002\ccs\tools\compiler\ti-cgt-msp430_21.6.1.LTS\lib\</path>
         <kind>archive</kind>
         <file>rts430x_lc_rd_eabi.lib</file>
         <name>strtod.c.obj</name>
      </input_file>
      <input_file id="fl-91">
         <path>C:\ti\ccs2002\ccs\tools\compiler\ti-cgt-msp430_21.6.1.LTS\lib\</path>
         <kind>archive</kind>
         <file>rts430x_lc_rd_eabi.lib</file>
         <name>toupper.c.obj</name>
      </input_file>
      <input_file id="fl-92">
         <path>C:\ti\ccs2002\ccs\tools\compiler\ti-cgt-msp430_21.6.1.LTS\lib\</path>
         <kind>archive</kind>
         <file>rts430x_lc_rd_eabi.lib</file>
         <name>wcslen.c.obj</name>
      </input_file>
   </input_file_list>
   <object_component_list>
      <object_component id="oc-b26">
         <name>.cinit..data.load</name>
         <load_address>0x4b7e</load_address>
         <run_address>0x4b7e</run_address>
         <size>0xf</size>
      </object_component>
      <object_component id="oc-b23">
         <name>__TI_handler_table</name>
         <load_address>0x4b8e</load_address>
         <run_address>0x4b8e</run_address>
         <size>0xc</size>
      </object_component>
      <object_component id="oc-b25">
         <name>.cinit..bss.load</name>
         <load_address>0x4b9a</load_address>
         <run_address>0x4b9a</run_address>
         <size>0x6</size>
      </object_component>
      <object_component id="oc-b24">
         <name>__TI_cinit_table</name>
         <load_address>0x4ba0</load_address>
         <run_address>0x4ba0</run_address>
         <size>0x10</size>
      </object_component>
      <object_component id="oc-ab3">
         <name>.binit</name>
         <load_address>0x4400</load_address>
         <run_address>0x4400</run_address>
         <size>0x0</size>
      </object_component>
      <object_component id="oc-64c">
         <name>.const:.string</name>
         <load_address>0x4504</load_address>
         <run_address>0x4504</run_address>
         <size>0x3b0</size>
         <input_file_ref idref="fl-6"/>
      </object_component>
      <object_component id="oc-904">
         <name>.const:.string:_ctypes_</name>
         <load_address>0x48b4</load_address>
         <run_address>0x48b4</run_address>
         <size>0x101</size>
         <input_file_ref idref="fl-77"/>
      </object_component>
      <object_component id="oc-9cc">
         <name>.const:digits</name>
         <load_address>0x49b6</load_address>
         <run_address>0x49b6</run_address>
         <size>0x80</size>
         <input_file_ref idref="fl-90"/>
      </object_component>
      <object_component id="oc-9d5">
         <name>.const:powerof10</name>
         <load_address>0x4a36</load_address>
         <run_address>0x4a36</run_address>
         <size>0x48</size>
         <input_file_ref idref="fl-90"/>
      </object_component>
      <object_component id="oc-7a4">
         <name>.const:$P$T0$1</name>
         <load_address>0x4a7e</load_address>
         <run_address>0x4a7e</run_address>
         <size>0x40</size>
         <input_file_ref idref="fl-2"/>
      </object_component>
      <object_component id="oc-821">
         <name>.const:.string:$P$T0$1</name>
         <load_address>0x4abe</load_address>
         <run_address>0x4abe</run_address>
         <size>0x2e</size>
         <input_file_ref idref="fl-6"/>
      </object_component>
      <object_component id="oc-a6c">
         <name>.const:.string</name>
         <load_address>0x4aec</load_address>
         <run_address>0x4aec</run_address>
         <size>0x26</size>
         <input_file_ref idref="fl-7e"/>
      </object_component>
      <object_component id="oc-87e">
         <name>.const:.string:$P$T3$4</name>
         <load_address>0x4b12</load_address>
         <run_address>0x4b12</run_address>
         <size>0x13</size>
         <input_file_ref idref="fl-6"/>
      </object_component>
      <object_component id="oc-824">
         <name>.const:.string:$P$T1$2</name>
         <load_address>0x4b26</load_address>
         <run_address>0x4b26</run_address>
         <size>0x10</size>
         <input_file_ref idref="fl-6"/>
      </object_component>
      <object_component id="oc-87b">
         <name>.const:.string:$P$T2$3</name>
         <load_address>0x4b36</load_address>
         <run_address>0x4b36</run_address>
         <size>0xe</size>
         <input_file_ref idref="fl-6"/>
      </object_component>
      <object_component id="oc-8f6">
         <name>.const:.string:ec</name>
         <load_address>0x4b44</load_address>
         <run_address>0x4b44</run_address>
         <size>0x8</size>
         <input_file_ref idref="fl-7"/>
      </object_component>
      <object_component id="oc-8ed">
         <name>.const:.string:humi</name>
         <load_address>0x4b4c</load_address>
         <run_address>0x4b4c</run_address>
         <size>0x8</size>
         <input_file_ref idref="fl-7"/>
      </object_component>
      <object_component id="oc-8ca">
         <name>.const:.string:nitro</name>
         <load_address>0x4b54</load_address>
         <run_address>0x4b54</run_address>
         <size>0x8</size>
         <input_file_ref idref="fl-7"/>
      </object_component>
      <object_component id="oc-8f2">
         <name>.const:.string:ph</name>
         <load_address>0x4b5c</load_address>
         <run_address>0x4b5c</run_address>
         <size>0x8</size>
         <input_file_ref idref="fl-7"/>
      </object_component>
      <object_component id="oc-8e5">
         <name>.const:.string:phos</name>
         <load_address>0x4b64</load_address>
         <run_address>0x4b64</run_address>
         <size>0x8</size>
         <input_file_ref idref="fl-7"/>
      </object_component>
      <object_component id="oc-8e9">
         <name>.const:.string:pota</name>
         <load_address>0x4b6c</load_address>
         <run_address>0x4b6c</run_address>
         <size>0x8</size>
         <input_file_ref idref="fl-7"/>
      </object_component>
      <object_component id="oc-8fa">
         <name>.const:.string:temp</name>
         <load_address>0x4b74</load_address>
         <run_address>0x4b74</run_address>
         <size>0x8</size>
         <input_file_ref idref="fl-7"/>
      </object_component>
      <object_component id="oc-695">
         <name>.const:.string</name>
         <load_address>0x4b7c</load_address>
         <run_address>0x4b7c</run_address>
         <size>0x2</size>
         <input_file_ref idref="fl-4"/>
      </object_component>
      <object_component id="oc-5d5">
         <name>.text:_isr:USCI_A1_ISR</name>
         <load_address>0x4400</load_address>
         <run_address>0x4400</run_address>
         <size>0x5e</size>
         <input_file_ref idref="fl-4"/>
      </object_component>
      <object_component id="oc-5db">
         <name>.text:_isr:Timer0_A1_ISR</name>
         <load_address>0x445e</load_address>
         <run_address>0x445e</run_address>
         <size>0x42</size>
         <input_file_ref idref="fl-6"/>
      </object_component>
      <object_component id="oc-5e1">
         <name>.text:_isr:USCI_A0_ISR</name>
         <load_address>0x44a0</load_address>
         <run_address>0x44a0</run_address>
         <size>0x26</size>
         <input_file_ref idref="fl-3"/>
      </object_component>
      <object_component id="oc-611">
         <name>.text:_isr:_c_int00_noargs_mpu</name>
         <load_address>0x44c6</load_address>
         <run_address>0x44c6</run_address>
         <size>0x20</size>
         <input_file_ref idref="fl-6f"/>
      </object_component>
      <object_component id="oc-5cf">
         <name>.text:_isr:RTC_ISR</name>
         <load_address>0x44e6</load_address>
         <run_address>0x44e6</run_address>
         <size>0x16</size>
         <input_file_ref idref="fl-6"/>
      </object_component>
      <object_component id="oc-5ca">
         <name>.text:_isr:__TI_ISR_TRAP</name>
         <load_address>0x44fc</load_address>
         <run_address>0x44fc</run_address>
         <size>0x8</size>
         <input_file_ref idref="fl-31"/>
      </object_component>
      <object_component id="oc-7c3">
         <name>.text:mode1</name>
         <load_address>0x10000</load_address>
         <run_address>0x10000</run_address>
         <size>0xa1e</size>
         <input_file_ref idref="fl-6"/>
      </object_component>
      <object_component id="oc-8a5">
         <name>.text:__mspabi_addd</name>
         <load_address>0x10a1e</load_address>
         <run_address>0x10a1e</run_address>
         <size>0x72a</size>
         <input_file_ref idref="fl-49"/>
      </object_component>
      <object_component id="oc-909">
         <name>.text:strtod</name>
         <load_address>0x11148</load_address>
         <run_address>0x11148</run_address>
         <size>0x4d4</size>
         <input_file_ref idref="fl-90"/>
      </object_component>
      <object_component id="oc-99f">
         <name>.text:__TI_frcdivd</name>
         <load_address>0x1161c</load_address>
         <run_address>0x1161c</run_address>
         <size>0x468</size>
         <input_file_ref idref="fl-4f"/>
      </object_component>
      <object_component id="oc-702">
         <name>.text:mode0</name>
         <load_address>0x11a84</load_address>
         <run_address>0x11a84</run_address>
         <size>0x400</size>
         <input_file_ref idref="fl-6"/>
      </object_component>
      <object_component id="oc-66f">
         <name>.text:main</name>
         <load_address>0x11e84</load_address>
         <run_address>0x11e84</run_address>
         <size>0x2fe</size>
         <input_file_ref idref="fl-6"/>
      </object_component>
      <object_component id="oc-7ab">
         <name>.text:Show_data</name>
         <load_address>0x12182</load_address>
         <run_address>0x12182</run_address>
         <size>0x2b0</size>
         <input_file_ref idref="fl-6"/>
      </object_component>
      <object_component id="oc-8b1">
         <name>.text:__mspabi_mpyd</name>
         <load_address>0x12432</load_address>
         <run_address>0x12432</run_address>
         <size>0x292</size>
         <input_file_ref idref="fl-5a"/>
      </object_component>
      <object_component id="oc-8bd">
         <name>.text:__mspabi_divd</name>
         <load_address>0x126c4</load_address>
         <run_address>0x126c4</run_address>
         <size>0x21c</size>
         <input_file_ref idref="fl-4e"/>
      </object_component>
      <object_component id="oc-991">
         <name>.text:__TI_frcmpyd</name>
         <load_address>0x128e0</load_address>
         <run_address>0x128e0</run_address>
         <size>0x164</size>
         <input_file_ref idref="fl-5b"/>
      </object_component>
      <object_component id="oc-9db">
         <name>.text:scalbn</name>
         <load_address>0x12a44</load_address>
         <run_address>0x12a44</run_address>
         <size>0x15a</size>
         <input_file_ref idref="fl-88"/>
      </object_component>
      <object_component id="oc-7bd">
         <name>.text:display_float</name>
         <load_address>0x12b9e</load_address>
         <run_address>0x12b9e</run_address>
         <size>0x14c</size>
         <input_file_ref idref="fl-6"/>
      </object_component>
      <object_component id="oc-6f6">
         <name>.text:Show_lcd</name>
         <load_address>0x12cea</load_address>
         <run_address>0x12cea</run_address>
         <size>0x148</size>
         <input_file_ref idref="fl-6"/>
      </object_component>
      <object_component id="oc-a09">
         <name>.text:__TI_printfi_minimal:_setfield___TI_printfi_minimal</name>
         <load_address>0x12e32</load_address>
         <run_address>0x12e32</run_address>
         <size>0x132</size>
         <input_file_ref idref="fl-7e"/>
      </object_component>
      <object_component id="oc-7d5">
         <name>.text</name>
         <load_address>0x12f64</load_address>
         <run_address>0x12f64</run_address>
         <size>0x132</size>
         <input_file_ref idref="fl-4a"/>
      </object_component>
      <object_component id="oc-71a">
         <name>.text:toLPM3</name>
         <load_address>0x13096</load_address>
         <run_address>0x13096</run_address>
         <size>0x126</size>
         <input_file_ref idref="fl-6"/>
      </object_component>
      <object_component id="oc-70e">
         <name>.text:mode3</name>
         <load_address>0x131bc</load_address>
         <run_address>0x131bc</run_address>
         <size>0x11e</size>
         <input_file_ref idref="fl-6"/>
      </object_component>
      <object_component id="oc-7b1">
         <name>.text:mode3_2</name>
         <load_address>0x132da</load_address>
         <run_address>0x132da</run_address>
         <size>0x116</size>
         <input_file_ref idref="fl-6"/>
      </object_component>
      <object_component id="oc-6fc">
         <name>.text:Show_state</name>
         <load_address>0x133f0</load_address>
         <run_address>0x133f0</run_address>
         <size>0xfa</size>
         <input_file_ref idref="fl-6"/>
      </object_component>
      <object_component id="oc-962">
         <name>.text:__TI_printfi_minimal:__TI_printfi_minimal</name>
         <load_address>0x134ea</load_address>
         <run_address>0x134ea</run_address>
         <size>0xdc</size>
         <input_file_ref idref="fl-7e"/>
      </object_component>
      <object_component id="oc-a6d">
         <name>.text:__TI_printfi_minimal:_pproc_diouxp___TI_printfi_minimal</name>
         <load_address>0x135c6</load_address>
         <run_address>0x135c6</run_address>
         <size>0xda</size>
         <input_file_ref idref="fl-7e"/>
      </object_component>
      <object_component id="oc-9e7">
         <name>.text:__mspabi_cmpd</name>
         <load_address>0x136a0</load_address>
         <run_address>0x136a0</run_address>
         <size>0xd8</size>
         <input_file_ref idref="fl-80"/>
      </object_component>
      <object_component id="oc-708">
         <name>.text:mode2</name>
         <load_address>0x13778</load_address>
         <run_address>0x13778</run_address>
         <size>0xca</size>
         <input_file_ref idref="fl-6"/>
      </object_component>
      <object_component id="oc-6a4">
         <name>.text:splitNMEASentence</name>
         <load_address>0x13842</load_address>
         <run_address>0x13842</run_address>
         <size>0xca</size>
         <input_file_ref idref="fl-4"/>
      </object_component>
      <object_component id="oc-803">
         <name>.text</name>
         <load_address>0x1390c</load_address>
         <run_address>0x1390c</run_address>
         <size>0xb8</size>
         <input_file_ref idref="fl-5c"/>
      </object_component>
      <object_component id="oc-815">
         <name>.text:__mspabi_cvtdf</name>
         <load_address>0x139c4</load_address>
         <run_address>0x139c4</run_address>
         <size>0xb2</size>
         <input_file_ref idref="fl-4c"/>
      </object_component>
      <object_component id="oc-7f7">
         <name>.text:EC</name>
         <load_address>0x13a76</load_address>
         <run_address>0x13a76</run_address>
         <size>0xa4</size>
         <input_file_ref idref="fl-7"/>
      </object_component>
      <object_component id="oc-7f1">
         <name>.text:PH</name>
         <load_address>0x13b1a</load_address>
         <run_address>0x13b1a</run_address>
         <size>0xa4</size>
         <input_file_ref idref="fl-7"/>
      </object_component>
      <object_component id="oc-7fd">
         <name>.text:Temp</name>
         <load_address>0x13bbe</load_address>
         <run_address>0x13bbe</run_address>
         <size>0xa4</size>
         <input_file_ref idref="fl-7"/>
      </object_component>
      <object_component id="oc-7e6">
         <name>.text:humidity</name>
         <load_address>0x13c62</load_address>
         <run_address>0x13c62</run_address>
         <size>0xa4</size>
         <input_file_ref idref="fl-7"/>
      </object_component>
      <object_component id="oc-7ca">
         <name>.text:nitrogen</name>
         <load_address>0x13d06</load_address>
         <run_address>0x13d06</run_address>
         <size>0xa4</size>
         <input_file_ref idref="fl-7"/>
      </object_component>
      <object_component id="oc-7da">
         <name>.text:phosphorous</name>
         <load_address>0x13daa</load_address>
         <run_address>0x13daa</run_address>
         <size>0xa4</size>
         <input_file_ref idref="fl-7"/>
      </object_component>
      <object_component id="oc-7e0">
         <name>.text:potassium</name>
         <load_address>0x13e4e</load_address>
         <run_address>0x13e4e</run_address>
         <size>0xa4</size>
         <input_file_ref idref="fl-7"/>
      </object_component>
      <object_component id="oc-653">
         <name>.text:UART2_SendInt</name>
         <load_address>0x13ef2</load_address>
         <run_address>0x13ef2</run_address>
         <size>0xa0</size>
         <input_file_ref idref="fl-4"/>
      </object_component>
      <object_component id="oc-98a">
         <name>.text:__mspabi_fltlid</name>
         <load_address>0x13f92</load_address>
         <run_address>0x13f92</run_address>
         <size>0x9e</size>
         <input_file_ref idref="fl-59"/>
      </object_component>
      <object_component id="oc-6cd">
         <name>.text:setup</name>
         <load_address>0x14030</load_address>
         <run_address>0x14030</run_address>
         <size>0x9c</size>
         <input_file_ref idref="fl-6"/>
      </object_component>
      <object_component id="oc-7ec">
         <name>.text</name>
         <load_address>0x140cc</load_address>
         <run_address>0x140cc</run_address>
         <size>0x90</size>
         <input_file_ref idref="fl-50"/>
      </object_component>
      <object_component id="oc-91e">
         <name>.text</name>
         <load_address>0x1415c</load_address>
         <run_address>0x1415c</run_address>
         <size>0x7e</size>
         <input_file_ref idref="fl-56"/>
      </object_component>
      <object_component id="oc-79">
         <name>.text:decompress:lzss:__TI_decompress_lzss</name>
         <load_address>0x141da</load_address>
         <run_address>0x141da</run_address>
         <size>0x76</size>
         <input_file_ref idref="fl-2e"/>
      </object_component>
      <object_component id="oc-6d4">
         <name>.text:lcd_init</name>
         <load_address>0x14250</load_address>
         <run_address>0x14250</run_address>
         <size>0x76</size>
         <input_file_ref idref="fl-2"/>
      </object_component>
      <object_component id="oc-883">
         <name>.text</name>
         <load_address>0x142c6</load_address>
         <run_address>0x142c6</run_address>
         <size>0x68</size>
         <input_file_ref idref="fl-55"/>
      </object_component>
      <object_component id="oc-82d">
         <name>.text:UART2_SendFloat</name>
         <load_address>0x1432e</load_address>
         <run_address>0x1432e</run_address>
         <size>0x64</size>
         <input_file_ref idref="fl-4"/>
      </object_component>
      <object_component id="oc-89f">
         <name>.text:__mspabi_cvtfd</name>
         <load_address>0x14392</load_address>
         <run_address>0x14392</run_address>
         <size>0x64</size>
         <input_file_ref idref="fl-4d"/>
      </object_component>
      <object_component id="oc-809">
         <name>.text:atoi</name>
         <load_address>0x143f6</load_address>
         <run_address>0x143f6</run_address>
         <size>0x62</size>
         <input_file_ref idref="fl-76"/>
      </object_component>
      <object_component id="oc-a30">
         <name>.text:__mpyll</name>
         <load_address>0x14458</load_address>
         <run_address>0x14458</run_address>
         <size>0x5c</size>
         <input_file_ref idref="fl-62"/>
      </object_component>
      <object_component id="oc-642">
         <name>.text:split</name>
         <load_address>0x144b4</load_address>
         <run_address>0x144b4</run_address>
         <size>0x5c</size>
         <input_file_ref idref="fl-4"/>
      </object_component>
      <object_component id="oc-781">
         <name>.text</name>
         <load_address>0x14510</load_address>
         <run_address>0x14510</run_address>
         <size>0x58</size>
         <input_file_ref idref="fl-54"/>
      </object_component>
      <object_component id="oc-745">
         <name>.text:__TI_auto_init_nobinit_nopinit_hold_wdt:__TI_auto_init_nobinit_nopinit_hold_wdt</name>
         <load_address>0x14568</load_address>
         <run_address>0x14568</run_address>
         <size>0x54</size>
         <input_file_ref idref="fl-72"/>
      </object_component>
      <object_component id="oc-81b">
         <name>.text</name>
         <load_address>0x145bc</load_address>
         <run_address>0x145bc</run_address>
         <size>0x4a</size>
         <input_file_ref idref="fl-4b"/>
      </object_component>
      <object_component id="oc-a0f">
         <name>.text:__TI_printfi_minimal:_pproc_str___TI_printfi_minimal</name>
         <load_address>0x14606</load_address>
         <run_address>0x14606</run_address>
         <size>0x48</size>
         <input_file_ref idref="fl-7e"/>
      </object_component>
      <object_component id="oc-635">
         <name>.text:updateAlarm</name>
         <load_address>0x1464e</load_address>
         <run_address>0x1464e</run_address>
         <size>0x48</size>
         <input_file_ref idref="fl-6"/>
      </object_component>
      <object_component id="oc-894">
         <name>.text:display_int</name>
         <load_address>0x14696</load_address>
         <run_address>0x14696</run_address>
         <size>0x46</size>
         <input_file_ref idref="fl-6"/>
      </object_component>
      <object_component id="oc-88d">
         <name>.text:sprintf</name>
         <load_address>0x146dc</load_address>
         <run_address>0x146dc</run_address>
         <size>0x44</size>
         <input_file_ref idref="fl-7d"/>
      </object_component>
      <object_component id="oc-97c">
         <name>.text:__mspabi_srall</name>
         <load_address>0x14720</load_address>
         <run_address>0x14720</run_address>
         <size>0x40</size>
         <input_file_ref idref="fl-6b"/>
      </object_component>
      <object_component id="oc-6c0">
         <name>.text</name>
         <load_address>0x14760</load_address>
         <run_address>0x14760</run_address>
         <size>0x40</size>
         <input_file_ref idref="fl-52"/>
      </object_component>
      <object_component id="oc-971">
         <name>.text:l_asr_const</name>
         <load_address>0x147a0</load_address>
         <run_address>0x147a0</run_address>
         <size>0x3e</size>
         <input_file_ref idref="fl-6a"/>
      </object_component>
      <object_component id="oc-911">
         <name>.text:l_lsl_const</name>
         <load_address>0x147de</load_address>
         <run_address>0x147de</run_address>
         <size>0x3e</size>
         <input_file_ref idref="fl-68"/>
      </object_component>
      <object_component id="oc-a29">
         <name>.text:l_lsr_const</name>
         <load_address>0x1481c</load_address>
         <run_address>0x1481c</run_address>
         <size>0x3e</size>
         <input_file_ref idref="fl-6c"/>
      </object_component>
      <object_component id="oc-982">
         <name>.text:__mspabi_sllll</name>
         <load_address>0x1485a</load_address>
         <run_address>0x1485a</run_address>
         <size>0x3a</size>
         <input_file_ref idref="fl-69"/>
      </object_component>
      <object_component id="oc-a3a">
         <name>.text:__mspabi_srlll</name>
         <load_address>0x14894</load_address>
         <run_address>0x14894</run_address>
         <size>0x3a</size>
         <input_file_ref idref="fl-6d"/>
      </object_component>
      <object_component id="oc-7d0">
         <name>.text</name>
         <load_address>0x148ce</load_address>
         <run_address>0x148ce</run_address>
         <size>0x36</size>
         <input_file_ref idref="fl-58"/>
      </object_component>
      <object_component id="oc-6e9">
         <name>.text:lcd_write_string</name>
         <load_address>0x14904</load_address>
         <run_address>0x14904</run_address>
         <size>0x34</size>
         <input_file_ref idref="fl-2"/>
      </object_component>
      <object_component id="oc-8b7">
         <name>.text:__mspabi_subd</name>
         <load_address>0x14938</load_address>
         <run_address>0x14938</run_address>
         <size>0x32</size>
         <input_file_ref idref="fl-6e"/>
      </object_component>
      <object_component id="oc-714">
         <name>.text:initRTC</name>
         <load_address>0x1496a</load_address>
         <run_address>0x1496a</run_address>
         <size>0x32</size>
         <input_file_ref idref="fl-6"/>
      </object_component>
      <object_component id="oc-6ac">
         <name>.text:splitLatLong</name>
         <load_address>0x1499c</load_address>
         <run_address>0x1499c</run_address>
         <size>0x32</size>
         <input_file_ref idref="fl-4"/>
      </object_component>
      <object_component id="oc-76c">
         <name>.text:strncpy</name>
         <load_address>0x149ce</load_address>
         <run_address>0x149ce</run_address>
         <size>0x32</size>
         <input_file_ref idref="fl-8f"/>
      </object_component>
      <object_component id="oc-6e3">
         <name>.text:lcd_cursor</name>
         <load_address>0x14a00</load_address>
         <run_address>0x14a00</run_address>
         <size>0x30</size>
         <input_file_ref idref="fl-2"/>
      </object_component>
      <object_component id="oc-794">
         <name>.text:lcd_write_4bit</name>
         <load_address>0x14a30</load_address>
         <run_address>0x14a30</run_address>
         <size>0x30</size>
         <input_file_ref idref="fl-2"/>
      </object_component>
      <object_component id="oc-9cf">
         <name>.text:__mspabi_negd</name>
         <load_address>0x14a60</load_address>
         <run_address>0x14a60</run_address>
         <size>0x2e</size>
         <input_file_ref idref="fl-84"/>
      </object_component>
      <object_component id="oc-a53">
         <name>.text:copysign</name>
         <load_address>0x14a8e</load_address>
         <run_address>0x14a8e</run_address>
         <size>0x2e</size>
         <input_file_ref idref="fl-89"/>
      </object_component>
      <object_component id="oc-78d">
         <name>.text:UART2_Init</name>
         <load_address>0x14abc</load_address>
         <run_address>0x14abc</run_address>
         <size>0x2c</size>
         <input_file_ref idref="fl-4"/>
      </object_component>
      <object_component id="oc-787">
         <name>.text:UART_Init</name>
         <load_address>0x14ae8</load_address>
         <run_address>0x14ae8</run_address>
         <size>0x2c</size>
         <input_file_ref idref="fl-3"/>
      </object_component>
      <object_component id="oc-681">
         <name>.text:__mpu_init</name>
         <load_address>0x14b14</load_address>
         <run_address>0x14b14</run_address>
         <size>0x2c</size>
         <input_file_ref idref="fl-70"/>
      </object_component>
      <object_component id="oc-a35">
         <name>.text:__mpyull</name>
         <load_address>0x14b40</load_address>
         <run_address>0x14b40</run_address>
         <size>0x2c</size>
         <input_file_ref idref="fl-64"/>
      </object_component>
      <object_component id="oc-89a">
         <name>.text</name>
         <load_address>0x14b6c</load_address>
         <run_address>0x14b6c</run_address>
         <size>0x2c</size>
         <input_file_ref idref="fl-51"/>
      </object_component>
      <object_component id="oc-a73">
         <name>.text:memccpy</name>
         <load_address>0x14b98</load_address>
         <run_address>0x14b98</run_address>
         <size>0x26</size>
         <input_file_ref idref="fl-8a"/>
      </object_component>
      <object_component id="oc-5e7">
         <name>.text:decompress:ZI:__TI_zero_init_nomemset:__TI_zero_init_nomemset</name>
         <load_address>0x14bbe</load_address>
         <run_address>0x14bbe</run_address>
         <size>0x24</size>
         <input_file_ref idref="fl-48"/>
      </object_component>
      <object_component id="oc-766">
         <name>.text</name>
         <load_address>0x14be2</load_address>
         <run_address>0x14be2</run_address>
         <size>0x24</size>
         <input_file_ref idref="fl-60"/>
      </object_component>
      <object_component id="oc-8cd">
         <name>.text:UART_SendHexArray</name>
         <load_address>0x14c06</load_address>
         <run_address>0x14c06</run_address>
         <size>0x22</size>
         <input_file_ref idref="fl-3"/>
      </object_component>
      <object_component id="oc-956">
         <name>.text:_outs</name>
         <load_address>0x14c28</load_address>
         <run_address>0x14c28</run_address>
         <size>0x20</size>
         <input_file_ref idref="fl-7d"/>
      </object_component>
      <object_component id="oc-6dd">
         <name>.text:lcd_write</name>
         <load_address>0x14c48</load_address>
         <run_address>0x14c48</run_address>
         <size>0x20</size>
         <input_file_ref idref="fl-2"/>
      </object_component>
      <object_component id="oc-8ff">
         <name>.text</name>
         <load_address>0x14c68</load_address>
         <run_address>0x14c68</run_address>
         <size>0x18</size>
         <input_file_ref idref="fl-5e"/>
      </object_component>
      <object_component id="oc-8dc">
         <name>.text:uart_read</name>
         <load_address>0x14c80</load_address>
         <run_address>0x14c80</run_address>
         <size>0x18</size>
         <input_file_ref idref="fl-3"/>
      </object_component>
      <object_component id="oc-6ef">
         <name>.text:delay_ms</name>
         <load_address>0x14c98</load_address>
         <run_address>0x14c98</run_address>
         <size>0x16</size>
         <input_file_ref idref="fl-5"/>
      </object_component>
      <object_component id="oc-79a">
         <name>.text:delay_us</name>
         <load_address>0x14cae</load_address>
         <run_address>0x14cae</run_address>
         <size>0x16</size>
         <input_file_ref idref="fl-5"/>
      </object_component>
      <object_component id="oc-a66">
         <name>.text:memset</name>
         <load_address>0x14cc4</load_address>
         <run_address>0x14cc4</run_address>
         <size>0x16</size>
         <input_file_ref idref="fl-8b"/>
      </object_component>
      <object_component id="oc-96b">
         <name>.text</name>
         <load_address>0x14cda</load_address>
         <run_address>0x14cda</run_address>
         <size>0x16</size>
         <input_file_ref idref="fl-53"/>
      </object_component>
      <object_component id="oc-95c">
         <name>.text:_outc</name>
         <load_address>0x14cf0</load_address>
         <run_address>0x14cf0</run_address>
         <size>0x14</size>
         <input_file_ref idref="fl-7d"/>
      </object_component>
      <object_component id="oc-5bd">
         <name>.text:memcpy</name>
         <load_address>0x14d04</load_address>
         <run_address>0x14d04</run_address>
         <size>0x14</size>
         <input_file_ref idref="fl-7c"/>
      </object_component>
      <object_component id="oc-64d">
         <name>.text:UART2_SendString</name>
         <load_address>0x14d18</load_address>
         <run_address>0x14d18</run_address>
         <size>0x12</size>
         <input_file_ref idref="fl-4"/>
      </object_component>
      <object_component id="oc-827">
         <name>.text:UART2_SendStringArray</name>
         <load_address>0x14d2a</load_address>
         <run_address>0x14d2a</run_address>
         <size>0x12</size>
         <input_file_ref idref="fl-4"/>
      </object_component>
      <object_component id="oc-7f">
         <name>.text:decompress:none:__TI_decompress_none</name>
         <load_address>0x14d3c</load_address>
         <run_address>0x14d3c</run_address>
         <size>0x12</size>
         <input_file_ref idref="fl-2f"/>
      </object_component>
      <object_component id="oc-772">
         <name>.text:strcpy</name>
         <load_address>0x14d4e</load_address>
         <run_address>0x14d4e</run_address>
         <size>0x12</size>
         <input_file_ref idref="fl-8d"/>
      </object_component>
      <object_component id="oc-9c6">
         <name>.text:toupper</name>
         <load_address>0x14d60</load_address>
         <run_address>0x14d60</run_address>
         <size>0x12</size>
         <input_file_ref idref="fl-91"/>
      </object_component>
      <object_component id="oc-6b9">
         <name>.text:UART2_SendChar</name>
         <load_address>0x14d72</load_address>
         <run_address>0x14d72</run_address>
         <size>0xe</size>
         <input_file_ref idref="fl-4"/>
      </object_component>
      <object_component id="oc-9a9">
         <name>.text:UART_SendByte</name>
         <load_address>0x14d80</load_address>
         <run_address>0x14d80</run_address>
         <size>0xe</size>
         <input_file_ref idref="fl-3"/>
      </object_component>
      <object_component id="oc-a03">
         <name>.text:strlen</name>
         <load_address>0x14d8e</load_address>
         <run_address>0x14d8e</run_address>
         <size>0xe</size>
         <input_file_ref idref="fl-8e"/>
      </object_component>
      <object_component id="oc-8d3">
         <name>.text:uart_available</name>
         <load_address>0x14d9c</load_address>
         <run_address>0x14d9c</run_address>
         <size>0xe</size>
         <input_file_ref idref="fl-3"/>
      </object_component>
      <object_component id="oc-8ab">
         <name>.text:__mspabi_fltid</name>
         <load_address>0x14daa</load_address>
         <run_address>0x14daa</run_address>
         <size>0xc</size>
         <input_file_ref idref="fl-57"/>
      </object_component>
      <object_component id="oc-7b7">
         <name>.text:lcd_clear</name>
         <load_address>0x14db6</load_address>
         <run_address>0x14db6</run_address>
         <size>0xc</size>
         <input_file_ref idref="fl-2"/>
      </object_component>
      <object_component id="oc-9e1">
         <name>.text:abs</name>
         <load_address>0x14dc2</load_address>
         <run_address>0x14dc2</run_address>
         <size>0xa</size>
         <input_file_ref idref="fl-85"/>
      </object_component>
      <object_component id="oc-888">
         <name>.text</name>
         <load_address>0x14dcc</load_address>
         <run_address>0x14dcc</run_address>
         <size>0xa</size>
         <input_file_ref idref="fl-67"/>
      </object_component>
      <object_component id="oc-721">
         <name>.text:abort</name>
         <load_address>0x14dd6</load_address>
         <run_address>0x14dd6</run_address>
         <size>0x6</size>
         <input_file_ref idref="fl-79"/>
      </object_component>
      <object_component id="oc-80f">
         <name>.text:atof</name>
         <load_address>0x14ddc</load_address>
         <run_address>0x14ddc</run_address>
         <size>0x6</size>
         <input_file_ref idref="fl-75"/>
      </object_component>
      <object_component id="oc-669">
         <name>.text:_system_pre_init</name>
         <load_address>0x14de2</load_address>
         <run_address>0x14de2</run_address>
         <size>0x4</size>
         <input_file_ref idref="fl-74"/>
      </object_component>
      <object_component id="oc-848">
         <name>.text:_system_post_cinit</name>
         <load_address>0x14de6</load_address>
         <run_address>0x14de6</run_address>
         <size>0x2</size>
         <input_file_ref idref="fl-73"/>
      </object_component>
      <object_component id="oc-65d">
         <name>.common:rx_buffer</name>
         <uninitialized>true</uninitialized>
         <run_address>0x1c64</run_address>
         <size>0x40</size>
      </object_component>
      <object_component id="oc-63f">
         <name>.common:uart_buffer</name>
         <uninitialized>true</uninitialized>
         <run_address>0x1c00</run_address>
         <size>0x64</size>
      </object_component>
      <object_component id="oc-6aa">
         <name>.common:lat_deg</name>
         <uninitialized>true</uninitialized>
         <run_address>0x1cdc</run_address>
         <size>0x4</size>
      </object_component>
      <object_component id="oc-6ab">
         <name>.common:lat_min</name>
         <uninitialized>true</uninitialized>
         <run_address>0x1ca4</run_address>
         <size>0xc</size>
      </object_component>
      <object_component id="oc-6b2">
         <name>.common:lon_deg</name>
         <uninitialized>true</uninitialized>
         <run_address>0x1ce0</run_address>
         <size>0x4</size>
      </object_component>
      <object_component id="oc-6b3">
         <name>.common:lon_min</name>
         <uninitialized>true</uninitialized>
         <run_address>0x1cb0</run_address>
         <size>0xc</size>
      </object_component>
      <object_component id="oc-6f5">
         <name>.common:state</name>
         <uninitialized>true</uninitialized>
         <run_address>0x1cf0</run_address>
         <size>0x2</size>
      </object_component>
      <object_component id="oc-6d3">
         <name>.common:system_mode</name>
         <uninitialized>true</uninitialized>
         <run_address>0x1cf2</run_address>
         <size>0x2</size>
      </object_component>
      <object_component id="oc-8c3">
         <name>.common:slope_N</name>
         <uninitialized>true</uninitialized>
         <run_address>0x1ce8</run_address>
         <size>0x4</size>
      </object_component>
      <object_component id="oc-8c4">
         <name>.common:slope_P</name>
         <uninitialized>true</uninitialized>
         <run_address>0x1cec</run_address>
         <size>0x4</size>
      </object_component>
      <object_component id="oc-8c5">
         <name>.common:slope_K</name>
         <uninitialized>true</uninitialized>
         <run_address>0x1ce4</run_address>
         <size>0x4</size>
      </object_component>
      <object_component id="oc-8c6">
         <name>.common:itc_N</name>
         <uninitialized>true</uninitialized>
         <run_address>0x1cd4</run_address>
         <size>0x4</size>
      </object_component>
      <object_component id="oc-8c7">
         <name>.common:itc_P</name>
         <uninitialized>true</uninitialized>
         <run_address>0x1cd8</run_address>
         <size>0x4</size>
      </object_component>
      <object_component id="oc-8c8">
         <name>.common:itc_K</name>
         <uninitialized>true</uninitialized>
         <run_address>0x1cd0</run_address>
         <size>0x4</size>
      </object_component>
      <object_component id="oc-879">
         <name>.common:N_c</name>
         <uninitialized>true</uninitialized>
         <run_address>0x1cc8</run_address>
         <size>0x4</size>
      </object_component>
      <object_component id="oc-878">
         <name>.common:P_c</name>
         <uninitialized>true</uninitialized>
         <run_address>0x1ccc</run_address>
         <size>0x4</size>
      </object_component>
      <object_component id="oc-877">
         <name>.common:K_c</name>
         <uninitialized>true</uninitialized>
         <run_address>0x1cc4</run_address>
         <size>0x4</size>
      </object_component>
      <object_component id="oc-8d9">
         <name>.common:values</name>
         <uninitialized>true</uninitialized>
         <run_address>0x1cbc</run_address>
         <size>0x8</size>
      </object_component>
      <object_component id="oc-6da">
         <name>.data</name>
         <load_address>0x1d34</load_address>
         <run_address>0x1d34</run_address>
         <size>0x2</size>
         <input_file_ref idref="fl-2"/>
      </object_component>
      <object_component id="oc-65a">
         <name>.data</name>
         <load_address>0x1d36</load_address>
         <run_address>0x1d36</run_address>
         <size>0x2</size>
         <input_file_ref idref="fl-3"/>
      </object_component>
      <object_component id="oc-63c">
         <name>.data</name>
         <load_address>0x1d2c</load_address>
         <run_address>0x1d2c</run_address>
         <size>0x8</size>
         <input_file_ref idref="fl-4"/>
      </object_component>
      <object_component id="oc-649">
         <name>.data</name>
         <load_address>0x1cf4</load_address>
         <run_address>0x1cf4</run_address>
         <size>0x38</size>
         <input_file_ref idref="fl-6"/>
      </object_component>
      <object_component id="oc-9d8">
         <name>.data</name>
         <load_address>0x1d38</load_address>
         <run_address>0x1d38</run_address>
         <size>0x2</size>
         <input_file_ref idref="fl-86"/>
      </object_component>
      <object_component id="oc-5ae">
         <name>.stack</name>
         <uninitialized>true</uninitialized>
         <run_address>0x2360</run_address>
         <size>0x4</size>
         <input_file_ref idref="fl-6f"/>
      </object_component>
      <object_component id="oc-b27">
         <name>.stack</name>
         <uninitialized>true</uninitialized>
         <run_address>0x2360</run_address>
         <size>0x0</size>
      </object_component>
      <object_component id="oc-85">
         <name>.int27</name>
         <load_address>0xffc6</load_address>
         <run_address>0xffc6</run_address>
         <size>0x2</size>
         <input_file_ref idref="fl-30"/>
      </object_component>
      <object_component id="oc-86">
         <name>.int28</name>
         <load_address>0xffc8</load_address>
         <run_address>0xffc8</run_address>
         <size>0x2</size>
         <input_file_ref idref="fl-6"/>
      </object_component>
      <object_component id="oc-87">
         <name>.int30</name>
         <load_address>0xffcc</load_address>
         <run_address>0xffcc</run_address>
         <size>0x2</size>
         <input_file_ref idref="fl-32"/>
      </object_component>
      <object_component id="oc-88">
         <name>.int31</name>
         <load_address>0xffce</load_address>
         <run_address>0xffce</run_address>
         <size>0x2</size>
         <input_file_ref idref="fl-33"/>
      </object_component>
      <object_component id="oc-89">
         <name>.int32</name>
         <load_address>0xffd0</load_address>
         <run_address>0xffd0</run_address>
         <size>0x2</size>
         <input_file_ref idref="fl-34"/>
      </object_component>
      <object_component id="oc-8a">
         <name>.int33</name>
         <load_address>0xffd2</load_address>
         <run_address>0xffd2</run_address>
         <size>0x2</size>
         <input_file_ref idref="fl-35"/>
      </object_component>
      <object_component id="oc-8b">
         <name>.int34</name>
         <load_address>0xffd4</load_address>
         <run_address>0xffd4</run_address>
         <size>0x2</size>
         <input_file_ref idref="fl-36"/>
      </object_component>
      <object_component id="oc-8c">
         <name>.int35</name>
         <load_address>0xffd6</load_address>
         <run_address>0xffd6</run_address>
         <size>0x2</size>
         <input_file_ref idref="fl-37"/>
      </object_component>
      <object_component id="oc-8d">
         <name>.int36</name>
         <load_address>0xffd8</load_address>
         <run_address>0xffd8</run_address>
         <size>0x2</size>
         <input_file_ref idref="fl-38"/>
      </object_component>
      <object_component id="oc-8e">
         <name>.int37</name>
         <load_address>0xffda</load_address>
         <run_address>0xffda</run_address>
         <size>0x2</size>
         <input_file_ref idref="fl-39"/>
      </object_component>
      <object_component id="oc-8f">
         <name>.int38</name>
         <load_address>0xffdc</load_address>
         <run_address>0xffdc</run_address>
         <size>0x2</size>
         <input_file_ref idref="fl-3a"/>
      </object_component>
      <object_component id="oc-90">
         <name>.int39</name>
         <load_address>0xffde</load_address>
         <run_address>0xffde</run_address>
         <size>0x2</size>
         <input_file_ref idref="fl-3b"/>
      </object_component>
      <object_component id="oc-91">
         <name>.int40</name>
         <load_address>0xffe0</load_address>
         <run_address>0xffe0</run_address>
         <size>0x2</size>
         <input_file_ref idref="fl-3c"/>
      </object_component>
      <object_component id="oc-92">
         <name>.int41</name>
         <load_address>0xffe2</load_address>
         <run_address>0xffe2</run_address>
         <size>0x2</size>
         <input_file_ref idref="fl-3d"/>
      </object_component>
      <object_component id="oc-93">
         <name>.int42</name>
         <load_address>0xffe4</load_address>
         <run_address>0xffe4</run_address>
         <size>0x2</size>
         <input_file_ref idref="fl-4"/>
      </object_component>
      <object_component id="oc-94">
         <name>.int43</name>
         <load_address>0xffe6</load_address>
         <run_address>0xffe6</run_address>
         <size>0x2</size>
         <input_file_ref idref="fl-6"/>
      </object_component>
      <object_component id="oc-95">
         <name>.int44</name>
         <load_address>0xffe8</load_address>
         <run_address>0xffe8</run_address>
         <size>0x2</size>
         <input_file_ref idref="fl-3e"/>
      </object_component>
      <object_component id="oc-96">
         <name>.int45</name>
         <load_address>0xffea</load_address>
         <run_address>0xffea</run_address>
         <size>0x2</size>
         <input_file_ref idref="fl-3f"/>
      </object_component>
      <object_component id="oc-97">
         <name>.int46</name>
         <load_address>0xffec</load_address>
         <run_address>0xffec</run_address>
         <size>0x2</size>
         <input_file_ref idref="fl-40"/>
      </object_component>
      <object_component id="oc-98">
         <name>.int47</name>
         <load_address>0xffee</load_address>
         <run_address>0xffee</run_address>
         <size>0x2</size>
         <input_file_ref idref="fl-3"/>
      </object_component>
      <object_component id="oc-99">
         <name>.int48</name>
         <load_address>0xfff0</load_address>
         <run_address>0xfff0</run_address>
         <size>0x2</size>
         <input_file_ref idref="fl-41"/>
      </object_component>
      <object_component id="oc-9a">
         <name>.int49</name>
         <load_address>0xfff2</load_address>
         <run_address>0xfff2</run_address>
         <size>0x2</size>
         <input_file_ref idref="fl-42"/>
      </object_component>
      <object_component id="oc-9b">
         <name>.int50</name>
         <load_address>0xfff4</load_address>
         <run_address>0xfff4</run_address>
         <size>0x2</size>
         <input_file_ref idref="fl-43"/>
      </object_component>
      <object_component id="oc-9c">
         <name>.int51</name>
         <load_address>0xfff6</load_address>
         <run_address>0xfff6</run_address>
         <size>0x2</size>
         <input_file_ref idref="fl-44"/>
      </object_component>
      <object_component id="oc-9d">
         <name>.int52</name>
         <load_address>0xfff8</load_address>
         <run_address>0xfff8</run_address>
         <size>0x2</size>
         <input_file_ref idref="fl-45"/>
      </object_component>
      <object_component id="oc-9e">
         <name>.int53</name>
         <load_address>0xfffa</load_address>
         <run_address>0xfffa</run_address>
         <size>0x2</size>
         <input_file_ref idref="fl-46"/>
      </object_component>
      <object_component id="oc-9f">
         <name>.int54</name>
         <load_address>0xfffc</load_address>
         <run_address>0xfffc</run_address>
         <size>0x2</size>
         <input_file_ref idref="fl-47"/>
      </object_component>
      <object_component id="oc-5b1">
         <name>.reset</name>
         <load_address>0xfffe</load_address>
         <run_address>0xfffe</run_address>
         <size>0x2</size>
         <input_file_ref idref="fl-6f"/>
      </object_component>
      <object_component id="oc-765">
         <name>.debug_info</name>
         <load_address>0x0</load_address>
         <run_address>0x0</run_address>
         <size>0x1e2</size>
         <input_file_ref idref="fl-2"/>
      </object_component>
      <object_component id="oc-6db">
         <name>.debug_info</name>
         <load_address>0x1e2</load_address>
         <run_address>0x1e2</run_address>
         <size>0x109</size>
         <input_file_ref idref="fl-2"/>
      </object_component>
      <object_component id="oc-7a5">
         <name>.debug_info</name>
         <load_address>0x2eb</load_address>
         <run_address>0x2eb</run_address>
         <size>0xcb</size>
         <input_file_ref idref="fl-2"/>
      </object_component>
      <object_component id="oc-796">
         <name>.debug_info</name>
         <load_address>0x3b6</load_address>
         <run_address>0x3b6</run_address>
         <size>0x164</size>
         <input_file_ref idref="fl-2"/>
      </object_component>
      <object_component id="oc-6df">
         <name>.debug_info</name>
         <load_address>0x51a</load_address>
         <run_address>0x51a</run_address>
         <size>0x166</size>
         <input_file_ref idref="fl-2"/>
      </object_component>
      <object_component id="oc-6eb">
         <name>.debug_info</name>
         <load_address>0x680</load_address>
         <run_address>0x680</run_address>
         <size>0x194</size>
         <input_file_ref idref="fl-2"/>
      </object_component>
      <object_component id="oc-6d6">
         <name>.debug_info</name>
         <load_address>0x814</load_address>
         <run_address>0x814</run_address>
         <size>0x1b7</size>
         <input_file_ref idref="fl-2"/>
      </object_component>
      <object_component id="oc-6e5">
         <name>.debug_info</name>
         <load_address>0x9cb</load_address>
         <run_address>0x9cb</run_address>
         <size>0x15d</size>
         <input_file_ref idref="fl-2"/>
      </object_component>
      <object_component id="oc-7b9">
         <name>.debug_info</name>
         <load_address>0xb28</load_address>
         <run_address>0xb28</run_address>
         <size>0x108</size>
         <input_file_ref idref="fl-2"/>
      </object_component>
      <object_component id="oc-69f">
         <name>.debug_info</name>
         <load_address>0xc30</load_address>
         <run_address>0xc30</run_address>
         <size>0x26b</size>
         <input_file_ref idref="fl-2"/>
      </object_component>
      <object_component id="oc-5b8">
         <name>.debug_info</name>
         <load_address>0xe9b</load_address>
         <run_address>0xe9b</run_address>
         <size>0x84</size>
         <input_file_ref idref="fl-2"/>
      </object_component>
      <object_component id="oc-760">
         <name>.debug_info</name>
         <load_address>0xf1f</load_address>
         <run_address>0xf1f</run_address>
         <size>0x282</size>
         <input_file_ref idref="fl-2"/>
      </object_component>
      <object_component id="oc-69a">
         <name>.debug_info</name>
         <load_address>0x11a1</load_address>
         <run_address>0x11a1</run_address>
         <size>0xbb</size>
         <input_file_ref idref="fl-2"/>
      </object_component>
      <object_component id="oc-62d">
         <name>.debug_info</name>
         <load_address>0x125c</load_address>
         <run_address>0x125c</run_address>
         <size>0x2c</size>
         <input_file_ref idref="fl-2"/>
      </object_component>
      <object_component id="oc-77b">
         <name>.debug_info</name>
         <load_address>0x1288</load_address>
         <run_address>0x1288</run_address>
         <size>0x35</size>
         <input_file_ref idref="fl-2"/>
      </object_component>
      <object_component id="oc-65e">
         <name>.debug_info</name>
         <load_address>0x12bd</load_address>
         <run_address>0x12bd</run_address>
         <size>0x2f5</size>
[...]
         <object_component_ref idref="oc-96"/>
      </symbol>
      <symbol id="sm-939">
         <name>__TI_int46</name>
         <value>0xffec</value>
         <object_component_ref idref="oc-97"/>
      </symbol>
      <symbol id="sm-93c">
         <name>__TI_int48</name>
         <value>0xfff0</value>
         <object_component_ref idref="oc-99"/>
      </symbol>
      <symbol id="sm-93f">
         <name>__TI_int49</name>
         <value>0xfff2</value>
         <object_component_ref idref="oc-9a"/>
      </symbol>
      <symbol id="sm-942">
         <name>__TI_int50</name>
         <value>0xfff4</value>
         <object_component_ref idref="oc-9b"/>
      </symbol>
      <symbol id="sm-945">
         <name>__TI_int51</name>
         <value>0xfff6</value>
         <object_component_ref idref="oc-9c"/>
      </symbol>
      <symbol id="sm-948">
         <name>__TI_int52</name>
         <value>0xfff8</value>
         <object_component_ref idref="oc-9d"/>
      </symbol>
      <symbol id="sm-94b">
         <name>__TI_int53</name>
         <value>0xfffa</value>
         <object_component_ref idref="oc-9e"/>
      </symbol>
      <symbol id="sm-94e">
         <name>__TI_int54</name>
         <value>0xfffc</value>
         <object_component_ref idref="oc-9f"/>
      </symbol>
      <symbol id="sm-961">
         <name>__TI_zero_init_nomemset</name>
         <value>0x14bbe</value>
         <object_component_ref idref="oc-5e7"/>
      </symbol>
      <symbol id="sm-99b">
         <name>__mspabi_addd</name>
         <value>0x10a1e</value>
         <object_component_ref idref="oc-8a5"/>
      </symbol>
      <symbol id="sm-9b6">
         <name>__mspabi_subf</name>
         <value>0x12f64</value>
         <object_component_ref idref="oc-7d5"/>
      </symbol>
      <symbol id="sm-9b7">
         <name>__mspabi_addf</name>
         <value>0x12f6a</value>
         <object_component_ref idref="oc-7d5"/>
      </symbol>
      <symbol id="sm-9c7">
         <name>__mspabi_cmpf</name>
         <value>0x145bc</value>
         <object_component_ref idref="oc-81b"/>
      </symbol>
      <symbol id="sm-9e1">
         <name>__mspabi_cvtdf</name>
         <value>0x139c4</value>
         <object_component_ref idref="oc-815"/>
      </symbol>
      <symbol id="sm-9ef">
         <name>__mspabi_cvtfd</name>
         <value>0x14392</value>
         <object_component_ref idref="oc-89f"/>
      </symbol>
      <symbol id="sm-a15">
         <name>__mspabi_divd</name>
         <value>0x126c4</value>
         <object_component_ref idref="oc-8bd"/>
      </symbol>
      <symbol id="sm-a30">
         <name>__TI_frcdivd</name>
         <value>0x1161c</value>
         <object_component_ref idref="oc-99f"/>
      </symbol>
      <symbol id="sm-a42">
         <name>__mspabi_divf</name>
         <value>0x140cc</value>
         <object_component_ref idref="oc-7ec"/>
      </symbol>
      <symbol id="sm-a4e">
         <name>__mspabi_remi</name>
         <value>0x14b6c</value>
         <object_component_ref idref="oc-89a"/>
      </symbol>
      <symbol id="sm-a4f">
         <name>__mspabi_divi</name>
         <value>0x14b6c</value>
         <object_component_ref idref="oc-89a"/>
      </symbol>
      <symbol id="sm-a5b">
         <name>__mspabi_remli</name>
         <value>0x14760</value>
         <object_component_ref idref="oc-6c0"/>
      </symbol>
      <symbol id="sm-a5c">
         <name>__mspabi_divli</name>
         <value>0x14760</value>
         <object_component_ref idref="oc-6c0"/>
      </symbol>
      <symbol id="sm-a66">
         <name>__mspabi_remu</name>
         <value>0x14cda</value>
         <object_component_ref idref="oc-96b"/>
      </symbol>
      <symbol id="sm-a67">
         <name>__mspabi_divu</name>
         <value>0x14cda</value>
         <object_component_ref idref="oc-96b"/>
      </symbol>
      <symbol id="sm-a75">
         <name>__mspabi_remul</name>
         <value>0x14510</value>
         <object_component_ref idref="oc-781"/>
      </symbol>
      <symbol id="sm-a76">
         <name>__mspabi_divul</name>
         <value>0x14510</value>
         <object_component_ref idref="oc-781"/>
      </symbol>
      <symbol id="sm-a88">
         <name>__mspabi_fixfi</name>
         <value>0x142c6</value>
         <object_component_ref idref="oc-883"/>
      </symbol>
      <symbol id="sm-a9b">
         <name>__mspabi_fixfli</name>
         <value>0x1415c</value>
         <object_component_ref idref="oc-91e"/>
      </symbol>
      <symbol id="sm-aa4">
         <name>__mspabi_fltid</name>
         <value>0x14daa</value>
         <object_component_ref idref="oc-8ab"/>
      </symbol>
      <symbol id="sm-ab1">
         <name>__mspabi_fltif</name>
         <value>0x148ce</value>
         <object_component_ref idref="oc-7d0"/>
      </symbol>
      <symbol id="sm-ac9">
         <name>__mspabi_fltlid</name>
         <value>0x13f92</value>
         <object_component_ref idref="oc-98a"/>
      </symbol>
      <symbol id="sm-aee">
         <name>__mspabi_mpyd</name>
         <value>0x12432</value>
         <object_component_ref idref="oc-8b1"/>
      </symbol>
      <symbol id="sm-af9">
         <name>__TI_frcmpyd</name>
         <value>0x128e0</value>
         <object_component_ref idref="oc-991"/>
      </symbol>
      <symbol id="sm-b10">
         <name>__mspabi_mpyf</name>
         <value>0x1390c</value>
         <object_component_ref idref="oc-803"/>
      </symbol>
      <symbol id="sm-b19">
         <name>__mspabi_mpyi_f5hw</name>
         <value>0x14c68</value>
         <object_component_ref idref="oc-8ff"/>
      </symbol>
      <symbol id="sm-b22">
         <name>__mspabi_mpyl_f5hw</name>
         <value>0x14be2</value>
         <object_component_ref idref="oc-766"/>
      </symbol>
      <symbol id="sm-b2b">
         <name>__mspabi_mpyll_f5hw</name>
         <value>0x14458</value>
         <object_component_ref idref="oc-a30"/>
      </symbol>
      <symbol id="sm-b34">
         <name>__mspabi_mpyull_f5hw</name>
         <value>0x14b40</value>
         <object_component_ref idref="oc-a35"/>
      </symbol>
      <symbol id="sm-b3f">
         <name>__mspabi_negf</name>
         <value>0x14dcc</value>
         <object_component_ref idref="oc-888"/>
      </symbol>
      <symbol id="sm-b47">
         <name>__mspabi_slll_9</name>
         <value>0x147f6</value>
         <object_component_ref idref="oc-911"/>
      </symbol>
      <symbol id="sm-b48">
         <name>__mspabi_slll_8</name>
         <value>0x147fa</value>
         <object_component_ref idref="oc-911"/>
      </symbol>
      <symbol id="sm-b49">
         <name>__mspabi_slll_7</name>
         <value>0x147fe</value>
         <object_component_ref idref="oc-911"/>
      </symbol>
      <symbol id="sm-b4a">
         <name>__mspabi_slll_6</name>
         <value>0x14802</value>
         <object_component_ref idref="oc-911"/>
      </symbol>
      <symbol id="sm-b4b">
         <name>__mspabi_slll_5</name>
         <value>0x14806</value>
         <object_component_ref idref="oc-911"/>
      </symbol>
      <symbol id="sm-b4c">
         <name>__mspabi_slll_4</name>
         <value>0x1480a</value>
         <object_component_ref idref="oc-911"/>
      </symbol>
      <symbol id="sm-b4d">
         <name>__mspabi_slll_3</name>
         <value>0x1480e</value>
         <object_component_ref idref="oc-911"/>
      </symbol>
      <symbol id="sm-b4e">
         <name>__mspabi_slll_2</name>
         <value>0x14812</value>
         <object_component_ref idref="oc-911"/>
      </symbol>
      <symbol id="sm-b4f">
         <name>__mspabi_slll_1</name>
         <value>0x14816</value>
         <object_component_ref idref="oc-911"/>
      </symbol>
      <symbol id="sm-b50">
         <name>__mspabi_slll_15</name>
         <value>0x147de</value>
         <object_component_ref idref="oc-911"/>
      </symbol>
      <symbol id="sm-b51">
         <name>__mspabi_slll_14</name>
         <value>0x147e2</value>
         <object_component_ref idref="oc-911"/>
      </symbol>
      <symbol id="sm-b52">
         <name>__mspabi_slll_13</name>
         <value>0x147e6</value>
         <object_component_ref idref="oc-911"/>
      </symbol>
      <symbol id="sm-b53">
         <name>__mspabi_slll_12</name>
         <value>0x147ea</value>
         <object_component_ref idref="oc-911"/>
      </symbol>
      <symbol id="sm-b54">
         <name>__mspabi_slll_11</name>
         <value>0x147ee</value>
         <object_component_ref idref="oc-911"/>
      </symbol>
      <symbol id="sm-b55">
         <name>__mspabi_slll_10</name>
         <value>0x147f2</value>
         <object_component_ref idref="oc-911"/>
      </symbol>
      <symbol id="sm-b62">
         <name>__mspabi_sllll</name>
         <value>0x1485a</value>
         <object_component_ref idref="oc-982"/>
      </symbol>
      <symbol id="sm-b6a">
         <name>__mspabi_sral_15</name>
         <value>0x147a0</value>
         <object_component_ref idref="oc-971"/>
      </symbol>
      <symbol id="sm-b6b">
         <name>__mspabi_sral_14</name>
         <value>0x147a4</value>
         <object_component_ref idref="oc-971"/>
      </symbol>
      <symbol id="sm-b6c">
         <name>__mspabi_sral_13</name>
         <value>0x147a8</value>
         <object_component_ref idref="oc-971"/>
      </symbol>
      <symbol id="sm-b6d">
         <name>__mspabi_sral_12</name>
         <value>0x147ac</value>
         <object_component_ref idref="oc-971"/>
      </symbol>
      <symbol id="sm-b6e">
         <name>__mspabi_sral_11</name>
         <value>0x147b0</value>
         <object_component_ref idref="oc-971"/>
      </symbol>
      <symbol id="sm-b6f">
         <name>__mspabi_sral_10</name>
         <value>0x147b4</value>
         <object_component_ref idref="oc-971"/>
      </symbol>
      <symbol id="sm-b70">
         <name>__mspabi_sral_8</name>
         <value>0x147bc</value>
         <object_component_ref idref="oc-971"/>
      </symbol>
      <symbol id="sm-b71">
         <name>__mspabi_sral_9</name>
         <value>0x147b8</value>
         <object_component_ref idref="oc-971"/>
      </symbol>
      <symbol id="sm-b72">
         <name>__mspabi_sral_6</name>
         <value>0x147c4</value>
         <object_component_ref idref="oc-971"/>
      </symbol>
      <symbol id="sm-b73">
         <name>__mspabi_sral_7</name>
         <value>0x147c0</value>
         <object_component_ref idref="oc-971"/>
      </symbol>
      <symbol id="sm-b74">
         <name>__mspabi_sral_4</name>
         <value>0x147cc</value>
         <object_component_ref idref="oc-971"/>
      </symbol>
      <symbol id="sm-b75">
         <name>__mspabi_sral_5</name>
         <value>0x147c8</value>
         <object_component_ref idref="oc-971"/>
      </symbol>
      <symbol id="sm-b76">
         <name>__mspabi_sral_2</name>
         <value>0x147d4</value>
         <object_component_ref idref="oc-971"/>
      </symbol>
      <symbol id="sm-b77">
         <name>__mspabi_sral_3</name>
         <value>0x147d0</value>
         <object_component_ref idref="oc-971"/>
      </symbol>
      <symbol id="sm-b78">
         <name>__mspabi_sral_1</name>
         <value>0x147d8</value>
         <object_component_ref idref="oc-971"/>
      </symbol>
      <symbol id="sm-b85">
         <name>__mspabi_srall</name>
         <value>0x14720</value>
         <object_component_ref idref="oc-97c"/>
      </symbol>
      <symbol id="sm-b8d">
         <name>__mspabi_srll_8</name>
         <value>0x14838</value>
         <object_component_ref idref="oc-a29"/>
      </symbol>
      <symbol id="sm-b8e">
         <name>__mspabi_srll_9</name>
         <value>0x14834</value>
         <object_component_ref idref="oc-a29"/>
      </symbol>
      <symbol id="sm-b8f">
         <name>__mspabi_srll_6</name>
         <value>0x14840</value>
         <object_component_ref idref="oc-a29"/>
      </symbol>
      <symbol id="sm-b90">
         <name>__mspabi_srll_7</name>
         <value>0x1483c</value>
         <object_component_ref idref="oc-a29"/>
      </symbol>
      <symbol id="sm-b91">
         <name>__mspabi_srll_4</name>
         <value>0x14848</value>
         <object_component_ref idref="oc-a29"/>
      </symbol>
      <symbol id="sm-b92">
         <name>__mspabi_srll_5</name>
         <value>0x14844</value>
         <object_component_ref idref="oc-a29"/>
      </symbol>
      <symbol id="sm-b93">
         <name>__mspabi_srll_2</name>
         <value>0x14850</value>
         <object_component_ref idref="oc-a29"/>
      </symbol>
      <symbol id="sm-b94">
         <name>__mspabi_srll_3</name>
         <value>0x1484c</value>
         <object_component_ref idref="oc-a29"/>
      </symbol>
      <symbol id="sm-b95">
         <name>__mspabi_srll_1</name>
         <value>0x14854</value>
         <object_component_ref idref="oc-a29"/>
      </symbol>
      <symbol id="sm-b96">
         <name>__mspabi_srll_15</name>
         <value>0x1481c</value>
         <object_component_ref idref="oc-a29"/>
      </symbol>
      <symbol id="sm-b97">
         <name>__mspabi_srll_14</name>
         <value>0x14820</value>
         <object_component_ref idref="oc-a29"/>
      </symbol>
      <symbol id="sm-b98">
         <name>__mspabi_srll_13</name>
         <value>0x14824</value>
         <object_component_ref idref="oc-a29"/>
      </symbol>
      <symbol id="sm-b99">
         <name>__mspabi_srll_12</name>
         <value>0x14828</value>
         <object_component_ref idref="oc-a29"/>
      </symbol>
      <symbol id="sm-b9a">
         <name>__mspabi_srll_11</name>
         <value>0x1482c</value>
         <object_component_ref idref="oc-a29"/>
      </symbol>
      <symbol id="sm-b9b">
         <name>__mspabi_srll_10</name>
         <value>0x14830</value>
         <object_component_ref idref="oc-a29"/>
      </symbol>
      <symbol id="sm-ba8">
         <name>__mspabi_srlll</name>
         <value>0x14894</value>
         <object_component_ref idref="oc-a3a"/>
      </symbol>
      <symbol id="sm-bb1">
         <name>__mspabi_subd</name>
         <value>0x14938</value>
         <object_component_ref idref="oc-8b7"/>
      </symbol>
      <symbol id="sm-bc1">
         <name>_c_int00_noargs_mpu</name>
         <value>0x44c6</value>
         <object_component_ref idref="oc-611"/>
      </symbol>
      <symbol id="sm-bc2">
         <name>_stack</name>
         <value>0x2360</value>
         <object_component_ref idref="oc-5ae"/>
      </symbol>
      <symbol id="sm-bc3">
         <name>_reset_vector</name>
         <value>0xfffe</value>
         <object_component_ref idref="oc-5b1"/>
      </symbol>
      <symbol id="sm-bcc">
         <name>__mpu_init</name>
         <value>0x14b14</value>
         <object_component_ref idref="oc-681"/>
      </symbol>
      <symbol id="sm-bf0">
         <name>__TI_auto_init_nobinit_nopinit_hold_wdt</name>
         <value>0x14568</value>
         <object_component_ref idref="oc-745"/>
      </symbol>
      <symbol id="sm-bf9">
         <name>_system_post_cinit</name>
         <value>0x14de6</value>
         <object_component_ref idref="oc-848"/>
      </symbol>
      <symbol id="sm-c02">
         <name>_system_pre_init</name>
         <value>0x14de2</value>
         <object_component_ref idref="oc-669"/>
      </symbol>
      <symbol id="sm-c0e">
         <name>atof</name>
         <value>0x14ddc</value>
         <object_component_ref idref="oc-80f"/>
      </symbol>
      <symbol id="sm-c21">
         <name>atoi</name>
         <value>0x143f6</value>
         <object_component_ref idref="oc-809"/>
      </symbol>
      <symbol id="sm-c2b">
         <name>_ctypes_</name>
         <value>0x48b4</value>
         <object_component_ref idref="oc-904"/>
      </symbol>
      <symbol id="sm-c36">
         <name>C$$EXIT</name>
         <value>0x14dd6</value>
         <object_component_ref idref="oc-721"/>
      </symbol>
      <symbol id="sm-c37">
         <name>abort</name>
         <value>0x14dd6</value>
         <object_component_ref idref="oc-721"/>
      </symbol>
      <symbol id="sm-c47">
         <name>memcpy</name>
         <value>0x14d04</value>
         <object_component_ref idref="oc-5bd"/>
      </symbol>
      <symbol id="sm-c68">
         <name>sprintf</name>
         <value>0x146dc</value>
         <object_component_ref idref="oc-88d"/>
      </symbol>
      <symbol id="sm-ccc">
         <name>__TI_printfi_minimal</name>
         <value>0x134ea</value>
         <object_component_ref idref="oc-962"/>
      </symbol>
      <symbol id="sm-ce7">
         <name>__mspabi_cmpd</name>
         <value>0x136a0</value>
         <object_component_ref idref="oc-9e7"/>
      </symbol>
      <symbol id="sm-cf3">
         <name>__mspabi_negd</name>
         <value>0x14a60</value>
         <object_component_ref idref="oc-9cf"/>
      </symbol>
      <symbol id="sm-cfd">
         <name>abs</name>
         <value>0x14dc2</value>
         <object_component_ref idref="oc-9e1"/>
      </symbol>
      <symbol id="sm-d04">
         <name>errno</name>
         <value>0x1d38</value>
         <object_component_ref idref="oc-9d8"/>
      </symbol>
      <symbol id="sm-d28">
         <name>scalbn</name>
         <value>0x12a44</value>
         <object_component_ref idref="oc-9db"/>
      </symbol>
      <symbol id="sm-d29">
         <name>scalbnl</name>
         <value>0x12a44</value>
         <object_component_ref idref="oc-9db"/>
      </symbol>
      <symbol id="sm-d2a">
         <name>ldexpl</name>
         <value>0x12a44</value>
         <object_component_ref idref="oc-9db"/>
      </symbol>
      <symbol id="sm-d2b">
         <name>ldexp</name>
         <value>0x12a44</value>
         <object_component_ref idref="oc-9db"/>
      </symbol>
      <symbol id="sm-d34">
         <name>copysign</name>
         <value>0x14a8e</value>
         <object_component_ref idref="oc-a53"/>
      </symbol>
      <symbol id="sm-d35">
         <name>copysignl</name>
         <value>0x14a8e</value>
         <object_component_ref idref="oc-a53"/>
      </symbol>
      <symbol id="sm-d44">
         <name>memccpy</name>
         <value>0x14b98</value>
         <object_component_ref idref="oc-a73"/>
      </symbol>
      <symbol id="sm-d52">
         <name>memset</name>
         <value>0x14cc4</value>
         <object_component_ref idref="oc-a66"/>
      </symbol>
      <symbol id="sm-d60">
         <name>strcpy</name>
         <value>0x14d4e</value>
         <object_component_ref idref="oc-772"/>
      </symbol>
      <symbol id="sm-d6d">
         <name>strlen</name>
         <value>0x14d8e</value>
         <object_component_ref idref="oc-a03"/>
      </symbol>
      <symbol id="sm-d7d">
         <name>strncpy</name>
         <value>0x149ce</value>
         <object_component_ref idref="oc-76c"/>
      </symbol>
      <symbol id="sm-dd8">
         <name>strtold</name>
         <value>0x11148</value>
         <object_component_ref idref="oc-909"/>
      </symbol>
      <symbol id="sm-dd9">
         <name>strtod</name>
         <value>0x11148</value>
         <object_component_ref idref="oc-909"/>
      </symbol>
      <symbol id="sm-de6">
         <name>toupper</name>
         <value>0x14d60</value>
         <object_component_ref idref="oc-9c6"/>
      </symbol>
   </symbol_table>
   <title>Link successful</title>
</link_info>
